

Microchip MPLAB XC8 Assembler V2.32 build 20210201212658 
                                                                                               Sun Aug 01 17:01:50 2021

Microchip MPLAB XC8 C Compiler v2.32 (Free license) build 20210201212658 Og1 
     1                           	processor	16F1939
     2                           	pagewidth 120
     3                           	opt	flic
     4                           	psect	cinit,global,class=CODE,merge=1,delta=2
     5                           	psect	bssCOMMON,global,class=COMMON,space=1,delta=1,noexec
     6                           	psect	cstackCOMMON,global,class=COMMON,space=1,delta=1,noexec
     7                           	psect	maintext,global,class=CODE,merge=1,split=1,delta=2
     8                           	psect	text1,local,class=CODE,merge=1,delta=2
     9                           	psect	text2,local,class=CODE,merge=1,delta=2
    10                           	psect	text3,local,class=CODE,merge=1,delta=2
    11                           	psect	text4,local,class=CODE,merge=1,delta=2
    12                           	psect	text5,local,class=CODE,merge=1,delta=2
    13                           	psect	config,global,abs,ovrld,class=CONFIG,space=4,delta=2,noexec
    14                           	dabs	1,0x7E,2
    15  0000                     
    16                           ; Version 2.20
    17                           ; Generated 12/02/2020 GMT
    18                           ; 
    19                           ; Copyright © 2020, Microchip Technology Inc. and its subsidiaries ("Microchip")
    20                           ; All rights reserved.
    21                           ; 
    22                           ; This software is developed by Microchip Technology Inc. and its subsidiaries ("Microch
      +                          ip").
    23                           ; 
    24                           ; Redistribution and use in source and binary forms, with or without modification, are
    25                           ; permitted provided that the following conditions are met:
    26                           ; 
    27                           ;     1. Redistributions of source code must retain the above copyright notice, this lis
      +                          t of
    28                           ;        conditions and the following disclaimer.
    29                           ; 
    30                           ;     2. Redistributions in binary form must reproduce the above copyright notice, this 
      +                          list
    31                           ;        of conditions and the following disclaimer in the documentation and/or other
    32                           ;        materials provided with the distribution.
    33                           ; 
    34                           ;     3. Microchip's name may not be used to endorse or promote products derived from th
      +                          is
    35                           ;        software without specific prior written permission.
    36                           ; 
    37                           ; THIS SOFTWARE IS PROVIDED BY MICROCHIP "AS IS" AND ANY EXPRESS OR IMPLIED WARRANTIES,
    38                           ; INCLUDING, BUT NOT LIMITED TO, THE IMPLIED WARRANTIES OF MERCHANTABILITY AND FITNESS F
      +                          OR
    39                           ; PURPOSE ARE DISCLAIMED.  IN NO EVENT SHALL MICROCHIP BE LIABLE FOR ANY DIRECT, INDIREC
      +                          T,
    40                           ; INCIDENTAL, SPECIAL, EXEMPLARY, OR CONSEQUENTIAL DAMAGES (INCLUDING BUT NOT LIMITED TO
    41                           ; PROCUREMENT OF SUBSTITUTE GOODS OR SERVICES; LOSS OF USE, DATA OR PROFITS; OR BUSINESS
    42                           ; INTERRUPTION) HOWSOEVER CAUSED AND ON ANY THEORY OF LIABILITY, WHETHER IN CONTRACT, ST
      +                          RICT
    43                           ; LIABILITY, OR TORT (INCLUDING NEGLIGENCE OR OTHERWISE) ARISING IN ANY WAY OUT OF THE U
      +                          SE OF
    44                           ; THIS SOFTWARE, EVEN IF ADVISED OF THE POSSIBILITY OF SUCH DAMAGE.
    45                           ; 
    46                           ; 
    47                           ; Code-generator required, PIC16F1939 Definitions
    48                           ; 
    49                           ; SFR Addresses
    50  0000                     	;# 
    51  0001                     	;# 
    52  0002                     	;# 
    53  0003                     	;# 
    54  0004                     	;# 
    55  0005                     	;# 
    56  0006                     	;# 
    57  0007                     	;# 
    58  0008                     	;# 
    59  0009                     	;# 
    60  000A                     	;# 
    61  000B                     	;# 
    62  000C                     	;# 
    63  000D                     	;# 
    64  000E                     	;# 
    65  000F                     	;# 
    66  0010                     	;# 
    67  0011                     	;# 
    68  0012                     	;# 
    69  0013                     	;# 
    70  0015                     	;# 
    71  0016                     	;# 
    72  0016                     	;# 
    73  0017                     	;# 
    74  0018                     	;# 
    75  0019                     	;# 
    76  001A                     	;# 
    77  001B                     	;# 
    78  001C                     	;# 
    79  001E                     	;# 
    80  001F                     	;# 
    81  008C                     	;# 
    82  008D                     	;# 
    83  008E                     	;# 
    84  008F                     	;# 
    85  0090                     	;# 
    86  0091                     	;# 
    87  0092                     	;# 
    88  0093                     	;# 
    89  0095                     	;# 
    90  0096                     	;# 
    91  0097                     	;# 
    92  0098                     	;# 
    93  0099                     	;# 
    94  009A                     	;# 
    95  009B                     	;# 
    96  009B                     	;# 
    97  009C                     	;# 
    98  009D                     	;# 
    99  009E                     	;# 
   100  010C                     	;# 
   101  010D                     	;# 
   102  010E                     	;# 
   103  010F                     	;# 
   104  0110                     	;# 
   105  0111                     	;# 
   106  0112                     	;# 
   107  0113                     	;# 
   108  0114                     	;# 
   109  0115                     	;# 
   110  0116                     	;# 
   111  0117                     	;# 
   112  0118                     	;# 
   113  0119                     	;# 
   114  011A                     	;# 
   115  011B                     	;# 
   116  011D                     	;# 
   117  018C                     	;# 
   118  018D                     	;# 
   119  018F                     	;# 
   120  0190                     	;# 
   121  0191                     	;# 
   122  0191                     	;# 
   123  0192                     	;# 
   124  0193                     	;# 
   125  0193                     	;# 
   126  0193                     	;# 
   127  0194                     	;# 
   128  0195                     	;# 
   129  0196                     	;# 
   130  0199                     	;# 
   131  019A                     	;# 
   132  019B                     	;# 
   133  019B                     	;# 
   134  019B                     	;# 
   135  019B                     	;# 
   136  019C                     	;# 
   137  019C                     	;# 
   138  019D                     	;# 
   139  019E                     	;# 
   140  019F                     	;# 
   141  020D                     	;# 
   142  0210                     	;# 
   143  0211                     	;# 
   144  0212                     	;# 
   145  0213                     	;# 
   146  0214                     	;# 
   147  0215                     	;# 
   148  0215                     	;# 
   149  0216                     	;# 
   150  0217                     	;# 
   151  0291                     	;# 
   152  0291                     	;# 
   153  0292                     	;# 
   154  0293                     	;# 
   155  0294                     	;# 
   156  0295                     	;# 
   157  0295                     	;# 
   158  0296                     	;# 
   159  0298                     	;# 
   160  0298                     	;# 
   161  0299                     	;# 
   162  029A                     	;# 
   163  029B                     	;# 
   164  029C                     	;# 
   165  029C                     	;# 
   166  029D                     	;# 
   167  029E                     	;# 
   168  029F                     	;# 
   169  0311                     	;# 
   170  0311                     	;# 
   171  0312                     	;# 
   172  0313                     	;# 
   173  0314                     	;# 
   174  0315                     	;# 
   175  0315                     	;# 
   176  0316                     	;# 
   177  0318                     	;# 
   178  0318                     	;# 
   179  0319                     	;# 
   180  031A                     	;# 
   181  031C                     	;# 
   182  031C                     	;# 
   183  031D                     	;# 
   184  031E                     	;# 
   185  0394                     	;# 
   186  0395                     	;# 
   187  0396                     	;# 
   188  0415                     	;# 
   189  0416                     	;# 
   190  0417                     	;# 
   191  041C                     	;# 
   192  041D                     	;# 
   193  041E                     	;# 
   194  0791                     	;# 
   195  0792                     	;# 
   196  0793                     	;# 
   197  0794                     	;# 
   198  0795                     	;# 
   199  0798                     	;# 
   200  0799                     	;# 
   201  079A                     	;# 
   202  07A0                     	;# 
   203  07A1                     	;# 
   204  07A2                     	;# 
   205  07A3                     	;# 
   206  07A4                     	;# 
   207  07A5                     	;# 
   208  07A6                     	;# 
   209  07A7                     	;# 
   210  07A8                     	;# 
   211  07A9                     	;# 
   212  07AA                     	;# 
   213  07AB                     	;# 
   214  0FE4                     	;# 
   215  0FE5                     	;# 
   216  0FE6                     	;# 
   217  0FE7                     	;# 
   218  0FE8                     	;# 
   219  0FE9                     	;# 
   220  0FEA                     	;# 
   221  0FEB                     	;# 
   222  0FED                     	;# 
   223  0FEE                     	;# 
   224  0FEF                     	;# 
   225  0000                     	;# 
   226  0001                     	;# 
   227  0002                     	;# 
   228  0003                     	;# 
   229  0004                     	;# 
   230  0005                     	;# 
   231  0006                     	;# 
   232  0007                     	;# 
   233  0008                     	;# 
   234  0009                     	;# 
   235  000A                     	;# 
   236  000B                     	;# 
   237  000C                     	;# 
   238  000D                     	;# 
   239  000E                     	;# 
   240  000F                     	;# 
   241  0010                     	;# 
   242  0011                     	;# 
   243  0012                     	;# 
   244  0013                     	;# 
   245  0015                     	;# 
   246  0016                     	;# 
   247  0016                     	;# 
   248  0017                     	;# 
   249  0018                     	;# 
   250  0019                     	;# 
   251  001A                     	;# 
   252  001B                     	;# 
   253  001C                     	;# 
   254  001E                     	;# 
   255  001F                     	;# 
   256  008C                     	;# 
   257  008D                     	;# 
   258  008E                     	;# 
   259  008F                     	;# 
   260  0090                     	;# 
   261  0091                     	;# 
   262  0092                     	;# 
   263  0093                     	;# 
   264  0095                     	;# 
   265  0096                     	;# 
   266  0097                     	;# 
   267  0098                     	;# 
   268  0099                     	;# 
   269  009A                     	;# 
   270  009B                     	;# 
   271  009B                     	;# 
   272  009C                     	;# 
   273  009D                     	;# 
   274  009E                     	;# 
   275  010C                     	;# 
   276  010D                     	;# 
   277  010E                     	;# 
   278  010F                     	;# 
   279  0110                     	;# 
   280  0111                     	;# 
   281  0112                     	;# 
   282  0113                     	;# 
   283  0114                     	;# 
   284  0115                     	;# 
   285  0116                     	;# 
   286  0117                     	;# 
   287  0118                     	;# 
   288  0119                     	;# 
   289  011A                     	;# 
   290  011B                     	;# 
   291  011D                     	;# 
   292  018C                     	;# 
   293  018D                     	;# 
   294  018F                     	;# 
   295  0190                     	;# 
   296  0191                     	;# 
   297  0191                     	;# 
   298  0192                     	;# 
   299  0193                     	;# 
   300  0193                     	;# 
   301  0193                     	;# 
   302  0194                     	;# 
   303  0195                     	;# 
   304  0196                     	;# 
   305  0199                     	;# 
   306  019A                     	;# 
   307  019B                     	;# 
   308  019B                     	;# 
   309  019B                     	;# 
   310  019B                     	;# 
   311  019C                     	;# 
   312  019C                     	;# 
   313  019D                     	;# 
   314  019E                     	;# 
   315  019F                     	;# 
   316  020D                     	;# 
   317  0210                     	;# 
   318  0211                     	;# 
   319  0212                     	;# 
   320  0213                     	;# 
   321  0214                     	;# 
   322  0215                     	;# 
   323  0215                     	;# 
   324  0216                     	;# 
   325  0217                     	;# 
   326  0291                     	;# 
   327  0291                     	;# 
   328  0292                     	;# 
   329  0293                     	;# 
   330  0294                     	;# 
   331  0295                     	;# 
   332  0295                     	;# 
   333  0296                     	;# 
   334  0298                     	;# 
   335  0298                     	;# 
   336  0299                     	;# 
   337  029A                     	;# 
   338  029B                     	;# 
   339  029C                     	;# 
   340  029C                     	;# 
   341  029D                     	;# 
   342  029E                     	;# 
   343  029F                     	;# 
   344  0311                     	;# 
   345  0311                     	;# 
   346  0312                     	;# 
   347  0313                     	;# 
   348  0314                     	;# 
   349  0315                     	;# 
   350  0315                     	;# 
   351  0316                     	;# 
   352  0318                     	;# 
   353  0318                     	;# 
   354  0319                     	;# 
   355  031A                     	;# 
   356  031C                     	;# 
   357  031C                     	;# 
   358  031D                     	;# 
   359  031E                     	;# 
   360  0394                     	;# 
   361  0395                     	;# 
   362  0396                     	;# 
   363  0415                     	;# 
   364  0416                     	;# 
   365  0417                     	;# 
   366  041C                     	;# 
   367  041D                     	;# 
   368  041E                     	;# 
   369  0791                     	;# 
   370  0792                     	;# 
   371  0793                     	;# 
   372  0794                     	;# 
   373  0795                     	;# 
   374  0798                     	;# 
   375  0799                     	;# 
   376  079A                     	;# 
   377  07A0                     	;# 
   378  07A1                     	;# 
   379  07A2                     	;# 
   380  07A3                     	;# 
   381  07A4                     	;# 
   382  07A5                     	;# 
   383  07A6                     	;# 
   384  07A7                     	;# 
   385  07A8                     	;# 
   386  07A9                     	;# 
   387  07AA                     	;# 
   388  07AB                     	;# 
   389  0FE4                     	;# 
   390  0FE5                     	;# 
   391  0FE6                     	;# 
   392  0FE7                     	;# 
   393  0FE8                     	;# 
   394  0FE9                     	;# 
   395  0FEA                     	;# 
   396  0FEB                     	;# 
   397  0FED                     	;# 
   398  0FEE                     	;# 
   399  0FEF                     	;# 
   400  0000                     	;# 
   401  0001                     	;# 
   402  0002                     	;# 
   403  0003                     	;# 
   404  0004                     	;# 
   405  0005                     	;# 
   406  0006                     	;# 
   407  0007                     	;# 
   408  0008                     	;# 
   409  0009                     	;# 
   410  000A                     	;# 
   411  000B                     	;# 
   412  000C                     	;# 
   413  000D                     	;# 
   414  000E                     	;# 
   415  000F                     	;# 
   416  0010                     	;# 
   417  0011                     	;# 
   418  0012                     	;# 
   419  0013                     	;# 
   420  0015                     	;# 
   421  0016                     	;# 
   422  0016                     	;# 
   423  0017                     	;# 
   424  0018                     	;# 
   425  0019                     	;# 
   426  001A                     	;# 
   427  001B                     	;# 
   428  001C                     	;# 
   429  001E                     	;# 
   430  001F                     	;# 
   431  008C                     	;# 
   432  008D                     	;# 
   433  008E                     	;# 
   434  008F                     	;# 
   435  0090                     	;# 
   436  0091                     	;# 
   437  0092                     	;# 
   438  0093                     	;# 
   439  0095                     	;# 
   440  0096                     	;# 
   441  0097                     	;# 
   442  0098                     	;# 
   443  0099                     	;# 
   444  009A                     	;# 
   445  009B                     	;# 
   446  009B                     	;# 
   447  009C                     	;# 
   448  009D                     	;# 
   449  009E                     	;# 
   450  010C                     	;# 
   451  010D                     	;# 
   452  010E                     	;# 
   453  010F                     	;# 
   454  0110                     	;# 
   455  0111                     	;# 
   456  0112                     	;# 
   457  0113                     	;# 
   458  0114                     	;# 
   459  0115                     	;# 
   460  0116                     	;# 
   461  0117                     	;# 
   462  0118                     	;# 
   463  0119                     	;# 
   464  011A                     	;# 
   465  011B                     	;# 
   466  011D                     	;# 
   467  018C                     	;# 
   468  018D                     	;# 
   469  018F                     	;# 
   470  0190                     	;# 
   471  0191                     	;# 
   472  0191                     	;# 
   473  0192                     	;# 
   474  0193                     	;# 
   475  0193                     	;# 
   476  0193                     	;# 
   477  0194                     	;# 
   478  0195                     	;# 
   479  0196                     	;# 
   480  0199                     	;# 
   481  019A                     	;# 
   482  019B                     	;# 
   483  019B                     	;# 
   484  019B                     	;# 
   485  019B                     	;# 
   486  019C                     	;# 
   487  019C                     	;# 
   488  019D                     	;# 
   489  019E                     	;# 
   490  019F                     	;# 
   491  020D                     	;# 
   492  0210                     	;# 
   493  0211                     	;# 
   494  0212                     	;# 
   495  0213                     	;# 
   496  0214                     	;# 
   497  0215                     	;# 
   498  0215                     	;# 
   499  0216                     	;# 
   500  0217                     	;# 
   501  0291                     	;# 
   502  0291                     	;# 
   503  0292                     	;# 
   504  0293                     	;# 
   505  0294                     	;# 
   506  0295                     	;# 
   507  0295                     	;# 
   508  0296                     	;# 
   509  0298                     	;# 
   510  0298                     	;# 
   511  0299                     	;# 
   512  029A                     	;# 
   513  029B                     	;# 
   514  029C                     	;# 
   515  029C                     	;# 
   516  029D                     	;# 
   517  029E                     	;# 
   518  029F                     	;# 
   519  0311                     	;# 
   520  0311                     	;# 
   521  0312                     	;# 
   522  0313                     	;# 
   523  0314                     	;# 
   524  0315                     	;# 
   525  0315                     	;# 
   526  0316                     	;# 
   527  0318                     	;# 
   528  0318                     	;# 
   529  0319                     	;# 
   530  031A                     	;# 
   531  031C                     	;# 
   532  031C                     	;# 
   533  031D                     	;# 
   534  031E                     	;# 
   535  0394                     	;# 
   536  0395                     	;# 
   537  0396                     	;# 
   538  0415                     	;# 
   539  0416                     	;# 
   540  0417                     	;# 
   541  041C                     	;# 
   542  041D                     	;# 
   543  041E                     	;# 
   544  0791                     	;# 
   545  0792                     	;# 
   546  0793                     	;# 
   547  0794                     	;# 
   548  0795                     	;# 
   549  0798                     	;# 
   550  0799                     	;# 
   551  079A                     	;# 
   552  07A0                     	;# 
   553  07A1                     	;# 
   554  07A2                     	;# 
   555  07A3                     	;# 
   556  07A4                     	;# 
   557  07A5                     	;# 
   558  07A6                     	;# 
   559  07A7                     	;# 
   560  07A8                     	;# 
   561  07A9                     	;# 
   562  07AA                     	;# 
   563  07AB                     	;# 
   564  0FE4                     	;# 
   565  0FE5                     	;# 
   566  0FE6                     	;# 
   567  0FE7                     	;# 
   568  0FE8                     	;# 
   569  0FE9                     	;# 
   570  0FEA                     	;# 
   571  0FEB                     	;# 
   572  0FED                     	;# 
   573  0FEE                     	;# 
   574  0FEF                     	;# 
   575  0000                     	;# 
   576  0001                     	;# 
   577  0002                     	;# 
   578  0003                     	;# 
   579  0004                     	;# 
   580  0005                     	;# 
   581  0006                     	;# 
   582  0007                     	;# 
   583  0008                     	;# 
   584  0009                     	;# 
   585  000A                     	;# 
   586  000B                     	;# 
   587  000C                     	;# 
   588  000D                     	;# 
   589  000E                     	;# 
   590  000F                     	;# 
   591  0010                     	;# 
   592  0011                     	;# 
   593  0012                     	;# 
   594  0013                     	;# 
   595  0015                     	;# 
   596  0016                     	;# 
   597  0016                     	;# 
   598  0017                     	;# 
   599  0018                     	;# 
   600  0019                     	;# 
   601  001A                     	;# 
   602  001B                     	;# 
   603  001C                     	;# 
   604  001E                     	;# 
   605  001F                     	;# 
   606  008C                     	;# 
   607  008D                     	;# 
   608  008E                     	;# 
   609  008F                     	;# 
   610  0090                     	;# 
   611  0091                     	;# 
   612  0092                     	;# 
   613  0093                     	;# 
   614  0095                     	;# 
   615  0096                     	;# 
   616  0097                     	;# 
   617  0098                     	;# 
   618  0099                     	;# 
   619  009A                     	;# 
   620  009B                     	;# 
   621  009B                     	;# 
   622  009C                     	;# 
   623  009D                     	;# 
   624  009E                     	;# 
   625  010C                     	;# 
   626  010D                     	;# 
   627  010E                     	;# 
   628  010F                     	;# 
   629  0110                     	;# 
   630  0111                     	;# 
   631  0112                     	;# 
   632  0113                     	;# 
   633  0114                     	;# 
   634  0115                     	;# 
   635  0116                     	;# 
   636  0117                     	;# 
   637  0118                     	;# 
   638  0119                     	;# 
   639  011A                     	;# 
   640  011B                     	;# 
   641  011D                     	;# 
   642  018C                     	;# 
   643  018D                     	;# 
   644  018F                     	;# 
   645  0190                     	;# 
   646  0191                     	;# 
   647  0191                     	;# 
   648  0192                     	;# 
   649  0193                     	;# 
   650  0193                     	;# 
   651  0193                     	;# 
   652  0194                     	;# 
   653  0195                     	;# 
   654  0196                     	;# 
   655  0199                     	;# 
   656  019A                     	;# 
   657  019B                     	;# 
   658  019B                     	;# 
   659  019B                     	;# 
   660  019B                     	;# 
   661  019C                     	;# 
   662  019C                     	;# 
   663  019D                     	;# 
   664  019E                     	;# 
   665  019F                     	;# 
   666  020D                     	;# 
   667  0210                     	;# 
   668  0211                     	;# 
   669  0212                     	;# 
   670  0213                     	;# 
   671  0214                     	;# 
   672  0215                     	;# 
   673  0215                     	;# 
   674  0216                     	;# 
   675  0217                     	;# 
   676  0291                     	;# 
   677  0291                     	;# 
   678  0292                     	;# 
   679  0293                     	;# 
   680  0294                     	;# 
   681  0295                     	;# 
   682  0295                     	;# 
   683  0296                     	;# 
   684  0298                     	;# 
   685  0298                     	;# 
   686  0299                     	;# 
   687  029A                     	;# 
   688  029B                     	;# 
   689  029C                     	;# 
   690  029C                     	;# 
   691  029D                     	;# 
   692  029E                     	;# 
   693  029F                     	;# 
   694  0311                     	;# 
   695  0311                     	;# 
   696  0312                     	;# 
   697  0313                     	;# 
   698  0314                     	;# 
   699  0315                     	;# 
   700  0315                     	;# 
   701  0316                     	;# 
   702  0318                     	;# 
   703  0318                     	;# 
   704  0319                     	;# 
   705  031A                     	;# 
   706  031C                     	;# 
   707  031C                     	;# 
   708  031D                     	;# 
   709  031E                     	;# 
   710  0394                     	;# 
   711  0395                     	;# 
   712  0396                     	;# 
   713  0415                     	;# 
   714  0416                     	;# 
   715  0417                     	;# 
   716  041C                     	;# 
   717  041D                     	;# 
   718  041E                     	;# 
   719  0791                     	;# 
   720  0792                     	;# 
   721  0793                     	;# 
   722  0794                     	;# 
   723  0795                     	;# 
   724  0798                     	;# 
   725  0799                     	;# 
   726  079A                     	;# 
   727  07A0                     	;# 
   728  07A1                     	;# 
   729  07A2                     	;# 
   730  07A3                     	;# 
   731  07A4                     	;# 
   732  07A5                     	;# 
   733  07A6                     	;# 
   734  07A7                     	;# 
   735  07A8                     	;# 
   736  07A9                     	;# 
   737  07AA                     	;# 
   738  07AB                     	;# 
   739  0FE4                     	;# 
   740  0FE5                     	;# 
   741  0FE6                     	;# 
   742  0FE7                     	;# 
   743  0FE8                     	;# 
   744  0FE9                     	;# 
   745  0FEA                     	;# 
   746  0FEB                     	;# 
   747  0FED                     	;# 
   748  0FEE                     	;# 
   749  0FEF                     	;# 
   750  0000                     	;# 
   751  0001                     	;# 
   752  0002                     	;# 
   753  0003                     	;# 
   754  0004                     	;# 
   755  0005                     	;# 
   756  0006                     	;# 
   757  0007                     	;# 
   758  0008                     	;# 
   759  0009                     	;# 
   760  000A                     	;# 
   761  000B                     	;# 
   762  000C                     	;# 
   763  000D                     	;# 
   764  000E                     	;# 
   765  000F                     	;# 
   766  0010                     	;# 
   767  0011                     	;# 
   768  0012                     	;# 
   769  0013                     	;# 
   770  0015                     	;# 
   771  0016                     	;# 
   772  0016                     	;# 
   773  0017                     	;# 
   774  0018                     	;# 
   775  0019                     	;# 
   776  001A                     	;# 
   777  001B                     	;# 
   778  001C                     	;# 
   779  001E                     	;# 
   780  001F                     	;# 
   781  008C                     	;# 
   782  008D                     	;# 
   783  008E                     	;# 
   784  008F                     	;# 
   785  0090                     	;# 
   786  0091                     	;# 
   787  0092                     	;# 
   788  0093                     	;# 
   789  0095                     	;# 
   790  0096                     	;# 
   791  0097                     	;# 
   792  0098                     	;# 
   793  0099                     	;# 
   794  009A                     	;# 
   795  009B                     	;# 
   796  009B                     	;# 
   797  009C                     	;# 
   798  009D                     	;# 
   799  009E                     	;# 
   800  010C                     	;# 
   801  010D                     	;# 
   802  010E                     	;# 
   803  010F                     	;# 
   804  0110                     	;# 
   805  0111                     	;# 
   806  0112                     	;# 
   807  0113                     	;# 
   808  0114                     	;# 
   809  0115                     	;# 
   810  0116                     	;# 
   811  0117                     	;# 
   812  0118                     	;# 
   813  0119                     	;# 
   814  011A                     	;# 
   815  011B                     	;# 
   816  011D                     	;# 
   817  018C                     	;# 
   818  018D                     	;# 
   819  018F                     	;# 
   820  0190                     	;# 
   821  0191                     	;# 
   822  0191                     	;# 
   823  0192                     	;# 
   824  0193                     	;# 
   825  0193                     	;# 
   826  0193                     	;# 
   827  0194                     	;# 
   828  0195                     	;# 
   829  0196                     	;# 
   830  0199                     	;# 
   831  019A                     	;# 
   832  019B                     	;# 
   833  019B                     	;# 
   834  019B                     	;# 
   835  019B                     	;# 
   836  019C                     	;# 
   837  019C                     	;# 
   838  019D                     	;# 
   839  019E                     	;# 
   840  019F                     	;# 
   841  020D                     	;# 
   842  0210                     	;# 
   843  0211                     	;# 
   844  0212                     	;# 
   845  0213                     	;# 
   846  0214                     	;# 
   847  0215                     	;# 
   848  0215                     	;# 
   849  0216                     	;# 
   850  0217                     	;# 
   851  0291                     	;# 
   852  0291                     	;# 
   853  0292                     	;# 
   854  0293                     	;# 
   855  0294                     	;# 
   856  0295                     	;# 
   857  0295                     	;# 
   858  0296                     	;# 
   859  0298                     	;# 
   860  0298                     	;# 
   861  0299                     	;# 
   862  029A                     	;# 
   863  029B                     	;# 
   864  029C                     	;# 
   865  029C                     	;# 
   866  029D                     	;# 
   867  029E                     	;# 
   868  029F                     	;# 
   869  0311                     	;# 
   870  0311                     	;# 
   871  0312                     	;# 
   872  0313                     	;# 
   873  0314                     	;# 
   874  0315                     	;# 
   875  0315                     	;# 
   876  0316                     	;# 
   877  0318                     	;# 
   878  0318                     	;# 
   879  0319                     	;# 
   880  031A                     	;# 
   881  031C                     	;# 
   882  031C                     	;# 
   883  031D                     	;# 
   884  031E                     	;# 
   885  0394                     	;# 
   886  0395                     	;# 
   887  0396                     	;# 
   888  0415                     	;# 
   889  0416                     	;# 
   890  0417                     	;# 
   891  041C                     	;# 
   892  041D                     	;# 
   893  041E                     	;# 
   894  0791                     	;# 
   895  0792                     	;# 
   896  0793                     	;# 
   897  0794                     	;# 
   898  0795                     	;# 
   899  0798                     	;# 
   900  0799                     	;# 
   901  079A                     	;# 
   902  07A0                     	;# 
   903  07A1                     	;# 
   904  07A2                     	;# 
   905  07A3                     	;# 
   906  07A4                     	;# 
   907  07A5                     	;# 
   908  07A6                     	;# 
   909  07A7                     	;# 
   910  07A8                     	;# 
   911  07A9                     	;# 
   912  07AA                     	;# 
   913  07AB                     	;# 
   914  0FE4                     	;# 
   915  0FE5                     	;# 
   916  0FE6                     	;# 
   917  0FE7                     	;# 
   918  0FE8                     	;# 
   919  0FE9                     	;# 
   920  0FEA                     	;# 
   921  0FEB                     	;# 
   922  0FED                     	;# 
   923  0FEE                     	;# 
   924  0FEF                     	;# 
   925  009D                     _ADCON0bits	set	157
   926  009D                     _ADCON0	set	157
   927  009C                     _ADRESH	set	156
   928  009B                     _ADRESL	set	155
   929  009E                     _ADCON1	set	158
   930  0095                     _OPTION_REGbits	set	149
   931  008F                     _TRISD	set	143
   932  008E                     _TRISC	set	142
   933  008D                     _TRISB	set	141
   934  008C                     _TRISA	set	140
   935  0090                     _TRISE	set	144
   936  0097                     _WDTCON	set	151
   937  0098                     _OSCTUNE	set	152
   938  0099                     _OSCCON	set	153
   939  010F                     _LATDbits	set	271
   940  0110                     _LATEbits	set	272
   941  010C                     _LATAbits	set	268
   942  010E                     _LATCbits	set	270
   943  011D                     _APFCON	set	285
   944  010E                     _LATC	set	270
   945  010D                     _LATB	set	269
   946  010C                     _LATA	set	268
   947  010F                     _LATD	set	271
   948  0110                     _LATE	set	272
   949  0116                     _BORCON	set	278
   950  018C                     _ANSELA	set	396
   951  0190                     _ANSELE	set	400
   952  018D                     _ANSELB	set	397
   953  018F                     _ANSELD	set	399
   954  020D                     _WPUB	set	525
   955  0210                     _WPUE	set	528
   956                           
   957                           	psect	cinit
   958  07FB                     start_initialization:	
   959                           ; #config settings
   960                           
   961  07FB                     __initialization:
   962                           
   963                           ; Clear objects allocated to COMMON
   964  07FB  01F0               	clrf	__pbssCOMMON& (0+127)
   965  07FC  01F1               	clrf	(__pbssCOMMON+1)& (0+127)
   966  07FD                     end_of_initialization:	
   967                           ;End of C runtime variable initialization code
   968                           
   969  07FD                     __end_of__initialization:
   970  07FD  0020               	movlb	0
   971  07FE  3187  2FC7         	ljmp	_main	;jump to C main() function
   972                           
   973                           	psect	bssCOMMON
   974  0070                     __pbssCOMMON:
   975  0070                     _ADC_InterruptHandler:
   976  0070                     	ds	2
   977                           
   978                           	psect	cstackCOMMON
   979  0072                     __pcstackCOMMON:
   980  0072                     ?_PIN_MANAGER_Initialize:
   981  0072                     ??_PIN_MANAGER_Initialize:	
   982                           ; 1 bytes @ 0x0
   983                           
   984  0072                     ?_OSCILLATOR_Initialize:	
   985                           ; 1 bytes @ 0x0
   986                           
   987  0072                     ??_OSCILLATOR_Initialize:	
   988                           ; 1 bytes @ 0x0
   989                           
   990  0072                     ?_WDT_Initialize:	
   991                           ; 1 bytes @ 0x0
   992                           
   993  0072                     ??_WDT_Initialize:	
   994                           ; 1 bytes @ 0x0
   995                           
   996  0072                     ?_ADC_Initialize:	
   997                           ; 1 bytes @ 0x0
   998                           
   999  0072                     ??_ADC_Initialize:	
  1000                           ; 1 bytes @ 0x0
  1001                           
  1002  0072                     ?_SYSTEM_Initialize:	
  1003                           ; 1 bytes @ 0x0
  1004                           
  1005  0072                     ??_SYSTEM_Initialize:	
  1006                           ; 1 bytes @ 0x0
  1007                           
  1008  0072                     ?_main:	
  1009                           ; 1 bytes @ 0x0
  1010                           
  1011  0072                     ??_main:	
  1012                           ; 1 bytes @ 0x0
  1013                           
  1014                           
  1015                           ; 1 bytes @ 0x0
  1016  0072                     	ds	2
  1017                           
  1018                           	psect	maintext
  1019  07C7                     __pmaintext:	
  1020 ;;
  1021 ;;Main: autosize = 0, tempsize = 2, incstack = 0, save=0
  1022 ;;
  1023 ;; *************** function _main *****************
  1024 ;; Defined at:
  1025 ;;		line 49 in file "main.c"
  1026 ;; Parameters:    Size  Location     Type
  1027 ;;		None
  1028 ;; Auto vars:     Size  Location     Type
  1029 ;;		None
  1030 ;; Return value:  Size  Location     Type
  1031 ;;                  1    wreg      void 
  1032 ;; Registers used:
  1033 ;;		wreg, status,2, status,0, pclath, cstack
  1034 ;; Tracked objects:
  1035 ;;		On entry : B1F/0
  1036 ;;		On exit  : 0/0
  1037 ;;		Unchanged: 0/0
  1038 ;; Data sizes:     COMMON   BANK0   BANK1   BANK2   BANK3   BANK4   BANK5   BANK6   BANK7   BANK8   BANK9  BANK10  BANK1
      +1  BANK12
  1039 ;;      Params:         0       0       0       0       0       0       0       0       0       0       0       0       
      +0       0
  1040 ;;      Locals:         0       0       0       0       0       0       0       0       0       0       0       0       
      +0       0
  1041 ;;      Temps:          2       0       0       0       0       0       0       0       0       0       0       0       
      +0       0
  1042 ;;      Totals:         2       0       0       0       0       0       0       0       0       0       0       0       
      +0       0
  1043 ;;Total ram usage:        2 bytes
  1044 ;; Hardware stack levels required when called: 2
  1045 ;; This function calls:
  1046 ;;		_SYSTEM_Initialize
  1047 ;; This function is called by:
  1048 ;;		Startup code after reset
  1049 ;; This function uses a non-reentrant model
  1050 ;;
  1051                           
  1052                           
  1053                           ;psect for function _main
  1054  07C7                     _main:
  1055  07C7                     l817:	
  1056                           ;incstack = 0
  1057                           ; Regs used in _main: [wreg+status,2+status,0+pclath+cstack]
  1058                           
  1059                           
  1060                           ;main.c: 52:     SYSTEM_Initialize();
  1061  07C7  3187  2798  3187   	fcall	_SYSTEM_Initialize
  1062  07CA                     l819:
  1063  07CA  0022               	movlb	2	; select bank2
  1064  07CB  108E               	bcf	14,1	;volatile
  1065  07CC                     l821:
  1066  07CC  0022               	movlb	2	; select bank2
  1067  07CD  140C               	bsf	12,0	;volatile
  1068  07CE                     l823:
  1069  07CE  1490               	bsf	16,1	;volatile
  1070  07CF                     l825:
  1071  07CF  170C               	bsf	12,6	;volatile
  1072  07D0                     l827:
  1073  07D0  158E               	bsf	14,3	;volatile
  1074  07D1                     l829:
  1075  07D1  148F               	bsf	15,1	;volatile
  1076  07D2                     l831:
  1077  07D2  158F               	bsf	15,3	;volatile
  1078  07D3                     l833:
  1079  07D3  168E               	bsf	14,5	;volatile
  1080  07D4                     l835:
  1081  07D4  178E               	bsf	14,7	;volatile
  1082  07D5                     l837:
  1083  07D5  168F               	bsf	15,5	;volatile
  1084  07D6                     l839:
  1085  07D6  178F               	bsf	15,7	;volatile
  1086  07D7                     l841:
  1087                           
  1088                           ;main.c: 81:         _delay((unsigned long)((500)*(8000000/4000.0)));
  1089  07D7  3006               	movlw	6
  1090  07D8  00F3               	movwf	??_main+1
  1091  07D9  3013               	movlw	19
  1092  07DA  00F2               	movwf	??_main
  1093  07DB  30AE               	movlw	174
  1094  07DC                     u27:
  1095  07DC  0B89               	decfsz	9,f
  1096  07DD  2FDC               	goto	u27
  1097  07DE  0BF2               	decfsz	??_main,f
  1098  07DF  2FDC               	goto	u27
  1099  07E0  0BF3               	decfsz	??_main+1,f
  1100  07E1  2FDC               	goto	u27
  1101  07E2                     l843:
  1102  07E2  0022               	movlb	2	; select bank2
  1103  07E3  100C               	bcf	12,0	;volatile
  1104  07E4                     l845:
  1105  07E4  1090               	bcf	16,1	;volatile
  1106  07E5                     l847:
  1107  07E5  130C               	bcf	12,6	;volatile
  1108  07E6                     l849:
  1109  07E6  118E               	bcf	14,3	;volatile
  1110  07E7                     l851:
  1111  07E7  108F               	bcf	15,1	;volatile
  1112  07E8                     l853:
  1113  07E8  118F               	bcf	15,3	;volatile
  1114  07E9                     l855:
  1115  07E9  128E               	bcf	14,5	;volatile
  1116  07EA                     l857:
  1117  07EA  138E               	bcf	14,7	;volatile
  1118  07EB                     l859:
  1119  07EB  128F               	bcf	15,5	;volatile
  1120  07EC                     l861:
  1121  07EC  138F               	bcf	15,7	;volatile
  1122  07ED                     l863:
  1123                           
  1124                           ;main.c: 92:         _delay((unsigned long)((500)*(8000000/4000.0)));
  1125  07ED  3006               	movlw	6
  1126  07EE  00F3               	movwf	??_main+1
  1127  07EF  3013               	movlw	19
  1128  07F0  00F2               	movwf	??_main
  1129  07F1  30AE               	movlw	174
  1130  07F2                     u37:
  1131  07F2  0B89               	decfsz	9,f
  1132  07F3  2FF2               	goto	u37
  1133  07F4  0BF2               	decfsz	??_main,f
  1134  07F5  2FF2               	goto	u37
  1135  07F6  0BF3               	decfsz	??_main+1,f
  1136  07F7  2FF2               	goto	u37
  1137  07F8  2FCC               	goto	l821
  1138  07F9  3180  2802         	ljmp	start
  1139  07FB                     __end_of_main:
  1140                           
  1141                           	psect	text1
  1142  0798                     __ptext1:	
  1143 ;; *************** function _SYSTEM_Initialize *****************
  1144 ;; Defined at:
  1145 ;;		line 50 in file "mcc_generated_files/mcc.c"
  1146 ;; Parameters:    Size  Location     Type
  1147 ;;		None
  1148 ;; Auto vars:     Size  Location     Type
  1149 ;;		None
  1150 ;; Return value:  Size  Location     Type
  1151 ;;                  1    wreg      void 
  1152 ;; Registers used:
  1153 ;;		wreg, status,2, status,0, pclath, cstack
  1154 ;; Tracked objects:
  1155 ;;		On entry : 0/0
  1156 ;;		On exit  : 0/0
  1157 ;;		Unchanged: 0/0
  1158 ;; Data sizes:     COMMON   BANK0   BANK1   BANK2   BANK3   BANK4   BANK5   BANK6   BANK7   BANK8   BANK9  BANK10  BANK1
      +1  BANK12
  1159 ;;      Params:         0       0       0       0       0       0       0       0       0       0       0       0       
      +0       0
  1160 ;;      Locals:         0       0       0       0       0       0       0       0       0       0       0       0       
      +0       0
  1161 ;;      Temps:          0       0       0       0       0       0       0       0       0       0       0       0       
      +0       0
  1162 ;;      Totals:         0       0       0       0       0       0       0       0       0       0       0       0       
      +0       0
  1163 ;;Total ram usage:        0 bytes
  1164 ;; Hardware stack levels used: 1
  1165 ;; Hardware stack levels required when called: 1
  1166 ;; This function calls:
  1167 ;;		_ADC_Initialize
  1168 ;;		_OSCILLATOR_Initialize
  1169 ;;		_PIN_MANAGER_Initialize
  1170 ;;		_WDT_Initialize
  1171 ;; This function is called by:
  1172 ;;		_main
  1173 ;; This function uses a non-reentrant model
  1174 ;;
  1175                           
  1176                           
  1177                           ;psect for function _SYSTEM_Initialize
  1178  0798                     _SYSTEM_Initialize:
  1179  0798                     l813:	
  1180                           ;incstack = 0
  1181                           ; Regs used in _SYSTEM_Initialize: [wreg+status,2+status,0+pclath+cstack]
  1182                           
  1183                           
  1184                           ;mcc_generated_files/mcc.c: 53:     PIN_MANAGER_Initialize();
  1185  0798  3187  27A5  3187   	fcall	_PIN_MANAGER_Initialize
  1186                           
  1187                           ;mcc_generated_files/mcc.c: 54:     OSCILLATOR_Initialize();
  1188  079B  3187  2791  3187   	fcall	_OSCILLATOR_Initialize
  1189                           
  1190                           ;mcc_generated_files/mcc.c: 55:     WDT_Initialize();
  1191  079E  3187  2787  3187   	fcall	_WDT_Initialize
  1192  07A1                     l815:
  1193                           
  1194                           ;mcc_generated_files/mcc.c: 56:     ADC_Initialize();
  1195  07A1  3187  278B  3187   	fcall	_ADC_Initialize
  1196  07A4                     l19:
  1197  07A4  0008               	return
  1198  07A5                     __end_of_SYSTEM_Initialize:
  1199                           
  1200                           	psect	text2
  1201  0787                     __ptext2:	
  1202 ;; *************** function _WDT_Initialize *****************
  1203 ;; Defined at:
  1204 ;;		line 69 in file "mcc_generated_files/mcc.c"
  1205 ;; Parameters:    Size  Location     Type
  1206 ;;		None
  1207 ;; Auto vars:     Size  Location     Type
  1208 ;;		None
  1209 ;; Return value:  Size  Location     Type
  1210 ;;                  1    wreg      void 
  1211 ;; Registers used:
  1212 ;;		wreg
  1213 ;; Tracked objects:
  1214 ;;		On entry : 0/0
  1215 ;;		On exit  : 0/0
  1216 ;;		Unchanged: 0/0
  1217 ;; Data sizes:     COMMON   BANK0   BANK1   BANK2   BANK3   BANK4   BANK5   BANK6   BANK7   BANK8   BANK9  BANK10  BANK1
      +1  BANK12
  1218 ;;      Params:         0       0       0       0       0       0       0       0       0       0       0       0       
      +0       0
  1219 ;;      Locals:         0       0       0       0       0       0       0       0       0       0       0       0       
      +0       0
  1220 ;;      Temps:          0       0       0       0       0       0       0       0       0       0       0       0       
      +0       0
  1221 ;;      Totals:         0       0       0       0       0       0       0       0       0       0       0       0       
      +0       0
  1222 ;;Total ram usage:        0 bytes
  1223 ;; Hardware stack levels used: 1
  1224 ;; This function calls:
  1225 ;;		Nothing
  1226 ;; This function is called by:
  1227 ;;		_SYSTEM_Initialize
  1228 ;; This function uses a non-reentrant model
  1229 ;;
  1230                           
  1231                           
  1232                           ;psect for function _WDT_Initialize
  1233  0787                     _WDT_Initialize:
  1234  0787                     l809:	
  1235                           ;incstack = 0
  1236                           ; Regs used in _WDT_Initialize: [wreg]
  1237                           
  1238                           
  1239                           ;mcc_generated_files/mcc.c: 72:     WDTCON = 0x16;
  1240  0787  3016               	movlw	22
  1241  0788  0021               	movlb	1	; select bank1
  1242  0789  0097               	movwf	23	;volatile
  1243  078A                     l25:
  1244  078A  0008               	return
  1245  078B                     __end_of_WDT_Initialize:
  1246                           
  1247                           	psect	text3
  1248  07A5                     __ptext3:	
  1249 ;; *************** function _PIN_MANAGER_Initialize *****************
  1250 ;; Defined at:
  1251 ;;		line 55 in file "mcc_generated_files/pin_manager.c"
  1252 ;; Parameters:    Size  Location     Type
  1253 ;;		None
  1254 ;; Auto vars:     Size  Location     Type
  1255 ;;		None
  1256 ;; Return value:  Size  Location     Type
  1257 ;;                  1    wreg      void 
  1258 ;; Registers used:
  1259 ;;		wreg, status,2
  1260 ;; Tracked objects:
  1261 ;;		On entry : 0/0
  1262 ;;		On exit  : 0/0
  1263 ;;		Unchanged: 0/0
  1264 ;; Data sizes:     COMMON   BANK0   BANK1   BANK2   BANK3   BANK4   BANK5   BANK6   BANK7   BANK8   BANK9  BANK10  BANK1
      +1  BANK12
  1265 ;;      Params:         0       0       0       0       0       0       0       0       0       0       0       0       
      +0       0
  1266 ;;      Locals:         0       0       0       0       0       0       0       0       0       0       0       0       
      +0       0
  1267 ;;      Temps:          0       0       0       0       0       0       0       0       0       0       0       0       
      +0       0
  1268 ;;      Totals:         0       0       0       0       0       0       0       0       0       0       0       0       
      +0       0
  1269 ;;Total ram usage:        0 bytes
  1270 ;; Hardware stack levels used: 1
  1271 ;; This function calls:
  1272 ;;		Nothing
  1273 ;; This function is called by:
  1274 ;;		_SYSTEM_Initialize
  1275 ;; This function uses a non-reentrant model
  1276 ;;
  1277                           
  1278                           
  1279                           ;psect for function _PIN_MANAGER_Initialize
  1280  07A5                     _PIN_MANAGER_Initialize:
  1281  07A5                     l775:	
  1282                           ;incstack = 0
  1283                           ; Regs used in _PIN_MANAGER_Initialize: [wreg+status,2]
  1284                           
  1285                           
  1286                           ;mcc_generated_files/pin_manager.c: 60:     LATE = 0x00;
  1287  07A5  0022               	movlb	2	; select bank2
  1288  07A6  0190               	clrf	16	;volatile
  1289                           
  1290                           ;mcc_generated_files/pin_manager.c: 61:     LATD = 0x00;
  1291  07A7  018F               	clrf	15	;volatile
  1292                           
  1293                           ;mcc_generated_files/pin_manager.c: 62:     LATA = 0x00;
  1294  07A8  018C               	clrf	12	;volatile
  1295                           
  1296                           ;mcc_generated_files/pin_manager.c: 63:     LATB = 0x00;
  1297  07A9  018D               	clrf	13	;volatile
  1298                           
  1299                           ;mcc_generated_files/pin_manager.c: 64:     LATC = 0x00;
  1300  07AA  018E               	clrf	14	;volatile
  1301  07AB                     l777:
  1302                           
  1303                           ;mcc_generated_files/pin_manager.c: 69:     TRISE = 0x0D;
  1304  07AB  300D               	movlw	13
  1305  07AC  0021               	movlb	1	; select bank1
  1306  07AD  0090               	movwf	16	;volatile
  1307  07AE                     l779:
  1308                           
  1309                           ;mcc_generated_files/pin_manager.c: 70:     TRISA = 0xBE;
  1310  07AE  30BE               	movlw	190
  1311  07AF  008C               	movwf	12	;volatile
  1312  07B0                     l781:
  1313                           
  1314                           ;mcc_generated_files/pin_manager.c: 71:     TRISB = 0xFF;
  1315  07B0  30FF               	movlw	255
  1316  07B1  008D               	movwf	13	;volatile
  1317  07B2                     l783:
  1318                           
  1319                           ;mcc_generated_files/pin_manager.c: 72:     TRISC = 0x55;
  1320  07B2  3055               	movlw	85
  1321  07B3  008E               	movwf	14	;volatile
  1322  07B4                     l785:
  1323                           
  1324                           ;mcc_generated_files/pin_manager.c: 73:     TRISD = 0x55;
  1325  07B4  3055               	movlw	85
  1326  07B5  008F               	movwf	15	;volatile
  1327  07B6                     l787:
  1328                           
  1329                           ;mcc_generated_files/pin_manager.c: 78:     ANSELD = 0x55;
  1330  07B6  3055               	movlw	85
  1331  07B7  0023               	movlb	3	; select bank3
  1332  07B8  008F               	movwf	15	;volatile
  1333  07B9                     l789:
  1334                           
  1335                           ;mcc_generated_files/pin_manager.c: 79:     ANSELB = 0x3F;
  1336  07B9  303F               	movlw	63
  1337  07BA  008D               	movwf	13	;volatile
  1338  07BB                     l791:
  1339                           
  1340                           ;mcc_generated_files/pin_manager.c: 80:     ANSELE = 0x05;
  1341  07BB  3005               	movlw	5
  1342  07BC  0090               	movwf	16	;volatile
  1343  07BD                     l793:
  1344                           
  1345                           ;mcc_generated_files/pin_manager.c: 81:     ANSELA = 0x3E;
  1346  07BD  303E               	movlw	62
  1347  07BE  008C               	movwf	12	;volatile
  1348  07BF                     l795:
  1349                           
  1350                           ;mcc_generated_files/pin_manager.c: 86:     WPUE = 0x00;
  1351  07BF  0024               	movlb	4	; select bank4
  1352  07C0  0190               	clrf	16	;volatile
  1353  07C1                     l797:
  1354                           
  1355                           ;mcc_generated_files/pin_manager.c: 87:     WPUB = 0x00;
  1356  07C1  018D               	clrf	13	;volatile
  1357  07C2                     l799:
  1358                           
  1359                           ;mcc_generated_files/pin_manager.c: 88:     OPTION_REGbits.nWPUEN = 1;
  1360  07C2  0021               	movlb	1	; select bank1
  1361  07C3  1795               	bsf	21,7	;volatile
  1362  07C4                     l801:
  1363                           
  1364                           ;mcc_generated_files/pin_manager.c: 94:     APFCON = 0x00;
  1365  07C4  0022               	movlb	2	; select bank2
  1366  07C5  019D               	clrf	29	;volatile
  1367  07C6                     l64:
  1368  07C6  0008               	return
  1369  07C7                     __end_of_PIN_MANAGER_Initialize:
  1370                           
  1371                           	psect	text4
  1372  0791                     __ptext4:	
  1373 ;; *************** function _OSCILLATOR_Initialize *****************
  1374 ;; Defined at:
  1375 ;;		line 59 in file "mcc_generated_files/mcc.c"
  1376 ;; Parameters:    Size  Location     Type
  1377 ;;		None
  1378 ;; Auto vars:     Size  Location     Type
  1379 ;;		None
  1380 ;; Return value:  Size  Location     Type
  1381 ;;                  1    wreg      void 
  1382 ;; Registers used:
  1383 ;;		wreg, status,2
  1384 ;; Tracked objects:
  1385 ;;		On entry : 0/0
  1386 ;;		On exit  : 0/0
  1387 ;;		Unchanged: 0/0
  1388 ;; Data sizes:     COMMON   BANK0   BANK1   BANK2   BANK3   BANK4   BANK5   BANK6   BANK7   BANK8   BANK9  BANK10  BANK1
      +1  BANK12
  1389 ;;      Params:         0       0       0       0       0       0       0       0       0       0       0       0       
      +0       0
  1390 ;;      Locals:         0       0       0       0       0       0       0       0       0       0       0       0       
      +0       0
  1391 ;;      Temps:          0       0       0       0       0       0       0       0       0       0       0       0       
      +0       0
  1392 ;;      Totals:         0       0       0       0       0       0       0       0       0       0       0       0       
      +0       0
  1393 ;;Total ram usage:        0 bytes
  1394 ;; Hardware stack levels used: 1
  1395 ;; This function calls:
  1396 ;;		Nothing
  1397 ;; This function is called by:
  1398 ;;		_SYSTEM_Initialize
  1399 ;; This function uses a non-reentrant model
  1400 ;;
  1401                           
  1402                           
  1403                           ;psect for function _OSCILLATOR_Initialize
  1404  0791                     _OSCILLATOR_Initialize:
  1405  0791                     l803:	
  1406                           ;incstack = 0
  1407                           ; Regs used in _OSCILLATOR_Initialize: [wreg+status,2]
  1408                           
  1409                           
  1410                           ;mcc_generated_files/mcc.c: 62:     OSCCON = 0x70;
  1411  0791  3070               	movlw	112
  1412  0792  0021               	movlb	1	; select bank1
  1413  0793  0099               	movwf	25	;volatile
  1414  0794                     l805:
  1415                           
  1416                           ;mcc_generated_files/mcc.c: 64:     OSCTUNE = 0x00;
  1417  0794  0198               	clrf	24	;volatile
  1418  0795                     l807:
  1419                           
  1420                           ;mcc_generated_files/mcc.c: 66:     BORCON = 0x00;
  1421  0795  0022               	movlb	2	; select bank2
  1422  0796  0196               	clrf	22	;volatile
  1423  0797                     l22:
  1424  0797  0008               	return
  1425  0798                     __end_of_OSCILLATOR_Initialize:
  1426                           
  1427                           	psect	text5
  1428  078B                     __ptext5:	
  1429 ;; *************** function _ADC_Initialize *****************
  1430 ;; Defined at:
  1431 ;;		line 67 in file "mcc_generated_files/adc.c"
  1432 ;; Parameters:    Size  Location     Type
  1433 ;;		None
  1434 ;; Auto vars:     Size  Location     Type
  1435 ;;		None
  1436 ;; Return value:  Size  Location     Type
  1437 ;;                  1    wreg      void 
  1438 ;; Registers used:
  1439 ;;		status,2
  1440 ;; Tracked objects:
  1441 ;;		On entry : 0/0
  1442 ;;		On exit  : 0/0
  1443 ;;		Unchanged: 0/0
  1444 ;; Data sizes:     COMMON   BANK0   BANK1   BANK2   BANK3   BANK4   BANK5   BANK6   BANK7   BANK8   BANK9  BANK10  BANK1
      +1  BANK12
  1445 ;;      Params:         0       0       0       0       0       0       0       0       0       0       0       0       
      +0       0
  1446 ;;      Locals:         0       0       0       0       0       0       0       0       0       0       0       0       
      +0       0
  1447 ;;      Temps:          0       0       0       0       0       0       0       0       0       0       0       0       
      +0       0
  1448 ;;      Totals:         0       0       0       0       0       0       0       0       0       0       0       0       
      +0       0
  1449 ;;Total ram usage:        0 bytes
  1450 ;; Hardware stack levels used: 1
  1451 ;; This function calls:
  1452 ;;		Nothing
  1453 ;; This function is called by:
  1454 ;;		_SYSTEM_Initialize
  1455 ;; This function uses a non-reentrant model
  1456 ;;
  1457                           
  1458                           
  1459                           ;psect for function _ADC_Initialize
  1460  078B                     _ADC_Initialize:
  1461  078B                     l811:	
  1462                           ;incstack = 0
  1463                           ; Regs used in _ADC_Initialize: [status,2]
  1464                           
  1465                           
  1466                           ;mcc_generated_files/adc.c: 72:     ADCON1 = 0x00;
  1467  078B  0021               	movlb	1	; select bank1
  1468  078C  019E               	clrf	30	;volatile
  1469                           
  1470                           ;mcc_generated_files/adc.c: 75:     ADRESL = 0x00;
  1471  078D  019B               	clrf	27	;volatile
  1472                           
  1473                           ;mcc_generated_files/adc.c: 78:     ADRESH = 0x00;
  1474  078E  019C               	clrf	28	;volatile
  1475                           
  1476                           ;mcc_generated_files/adc.c: 81:     ADCON0 = 0x00;
  1477  078F  019D               	clrf	29	;volatile
  1478  0790                     l146:
  1479  0790  0008               	return
  1480  0791                     __end_of_ADC_Initialize:
  1481  007E                     btemp	set	126	;btemp
  1482  007E                     wtemp0	set	126
  1483                           
  1484                           	psect	config
  1485                           
  1486                           ;Config register CONFIG1 @ 0x8007
  1487                           ;	Oscillator Selection
  1488                           ;	FOSC = INTOSC, INTOSC oscillator: I/O function on CLKIN pin
  1489                           ;	Watchdog Timer Enable
  1490                           ;	WDTE = OFF, WDT disabled
  1491                           ;	Power-up Timer Enable
  1492                           ;	PWRTE = OFF, PWRT disabled
  1493                           ;	MCLR Pin Function Select
  1494                           ;	MCLRE = ON, MCLR/VPP pin function is MCLR
  1495                           ;	Flash Program Memory Code Protection
  1496                           ;	CP = OFF, Program memory code protection is disabled
  1497                           ;	Data Memory Code Protection
  1498                           ;	CPD = OFF, Data memory code protection is disabled
  1499                           ;	Brown-out Reset Enable
  1500                           ;	BOREN = ON, Brown-out Reset enabled
  1501                           ;	Clock Out Enable
  1502                           ;	CLKOUTEN = OFF, CLKOUT function is disabled. I/O or oscillator function on the CLKOUT 
      +                          pin
  1503                           ;	Internal/External Switchover
  1504                           ;	IESO = ON, Internal/External Switchover mode is enabled
  1505                           ;	Fail-Safe Clock Monitor Enable
  1506                           ;	FCMEN = ON, Fail-Safe Clock Monitor is enabled
  1507  8007                     	org	32775
  1508  8007  3FE4               	dw	16356
  1509                           
  1510                           ;Config register CONFIG2 @ 0x8008
  1511                           ;	Flash Memory Self-Write Protection
  1512                           ;	WRT = OFF, Write protection off
  1513                           ;	Voltage Regulator Capacitor Enable
  1514                           ;	VCAPEN = OFF, All VCAP pin functionality is disabled
  1515                           ;	PLL Enable
  1516                           ;	PLLEN = OFF, 4x PLL disabled
  1517                           ;	Stack Overflow/Underflow Reset Enable
  1518                           ;	STVREN = ON, Stack Overflow or Underflow will cause a Reset
  1519                           ;	Brown-out Reset Voltage Selection
  1520                           ;	BORV = LO, Brown-out Reset Voltage (Vbor), low trip point selected.
  1521                           ;	Low-Voltage Programming Enable
  1522                           ;	LVP = ON, Low-voltage programming enabled
  1523  8008                     	org	32776
  1524  8008  3EFF               	dw	16127

Data Sizes:
    Strings     0
    Constant    0
    Data        0
    BSS         2
    Persistent  32
    Stack       0

Auto Spaces:
    Space          Size  Autos    Used
    COMMON           14      2       4
    BANK0            80      0       0
    BANK1            80      0       0
    BANK2            80      0       0
    BANK3            80      0       0
    BANK4            80      0       0
    BANK5            80      0       0
    BANK6            80      0       0
    BANK7            80      0       0
    BANK8            80      0       0
    BANK9            80      0       0
    BANK10           80      0       0
    BANK11           80      0       0
    BANK12           48      0       0

Pointer List with Targets:

    ADC_InterruptHandler	PTR FTN()void  size(2) Largest target is 1
		 -> Absolute function(), 


Critical Paths under _main in COMMON

    None.

Critical Paths under _main in BANK0

    None.

Critical Paths under _main in BANK1

    None.

Critical Paths under _main in BANK2

    None.

Critical Paths under _main in BANK3

    None.

Critical Paths under _main in BANK4

    None.

Critical Paths under _main in BANK5

    None.

Critical Paths under _main in BANK6

    None.

Critical Paths under _main in BANK7

    None.

Critical Paths under _main in BANK8

    None.

Critical Paths under _main in BANK9

    None.

Critical Paths under _main in BANK10

    None.

Critical Paths under _main in BANK11

    None.

Critical Paths under _main in BANK12

    None.

Call Graph Tables:

 ---------------------------------------------------------------------------------
 (Depth) Function   	        Calls       Base Space   Used Autos Params    Refs
 ---------------------------------------------------------------------------------
 (0) _main                                                 2     2      0       0
                                              0 COMMON     2     2      0
                  _SYSTEM_Initialize
 ---------------------------------------------------------------------------------
 (1) _SYSTEM_Initialize                                    0     0      0       0
                     _ADC_Initialize
              _OSCILLATOR_Initialize
             _PIN_MANAGER_Initialize
                     _WDT_Initialize
 ---------------------------------------------------------------------------------
 (2) _WDT_Initialize                                       0     0      0       0
 ---------------------------------------------------------------------------------
 (2) _PIN_MANAGER_Initialize                               0     0      0       0
 ---------------------------------------------------------------------------------
 (2) _OSCILLATOR_Initialize                                0     0      0       0
 ---------------------------------------------------------------------------------
 (2) _ADC_Initialize                                       0     0      0       0
 ---------------------------------------------------------------------------------
 Estimated maximum stack depth 2
 ---------------------------------------------------------------------------------

 Call Graph Graphs:

 _main (ROOT)
   _SYSTEM_Initialize
     _ADC_Initialize
     _OSCILLATOR_Initialize
     _PIN_MANAGER_Initialize
     _WDT_Initialize

 Address spaces:
Name               Size   Autos  Total    Cost      Usage
BIGRAM             3F0      0       0       0        0.0%
EEDATA             100      0       0       0        0.0%
NULL                 0      0       0       0        0.0%
CODE                 0      0       0       0        0.0%
BITCOMMON            E      0       0       1        0.0%
BITSFR0              0      0       0       1        0.0%
SFR0                 0      0       0       1        0.0%
COMMON               E      2       4       2       28.6%
BITSFR1              0      0       0       2        0.0%
SFR1                 0      0       0       2        0.0%
BITSFR2              0      0       0       3        0.0%
SFR2                 0      0       0       3        0.0%
STACK                0      0       0       3        0.0%
BITBANK0            50      0       0       4        0.0%
BITSFR3              0      0       0       4        0.0%
SFR3                 0      0       0       4        0.0%
BANK0               50      0       0       5        0.0%
BITSFR4              0      0       0       5        0.0%
SFR4                 0      0       0       5        0.0%
BITBANK1            50      0       0       6        0.0%
BITSFR5              0      0       0       6        0.0%
SFR5                 0      0       0       6        0.0%
BANK1               50      0       0       7        0.0%
BITSFR6              0      0       0       7        0.0%
SFR6                 0      0       0       7        0.0%
BITBANK2            50      0       0       8        0.0%
BITSFR7              0      0       0       8        0.0%
SFR7                 0      0       0       8        0.0%
BANK2               50      0       0       9        0.0%
BITSFR8              0      0       0       9        0.0%
SFR8                 0      0       0       9        0.0%
BITBANK3            50      0       0      10        0.0%
BITSFR9              0      0       0      10        0.0%
SFR9                 0      0       0      10        0.0%
BANK3               50      0       0      11        0.0%
BITSFR10             0      0       0      11        0.0%
SFR10                0      0       0      11        0.0%
BITBANK4            50      0       0      12        0.0%
BITSFR11             0      0       0      12        0.0%
SFR11                0      0       0      12        0.0%
BANK4               50      0       0      13        0.0%
BITSFR12             0      0       0      13        0.0%
SFR12                0      0       0      13        0.0%
BITBANK5            50      0       0      14        0.0%
BITSFR13             0      0       0      14        0.0%
SFR13                0      0       0      14        0.0%
BANK5               50      0       0      15        0.0%
BITSFR14             0      0       0      15        0.0%
SFR14                0      0       0      15        0.0%
BITBANK6            50      0       0      16        0.0%
BITSFR15             0      0       0      16        0.0%
SFR15                0      0       0      16        0.0%
BANK6               50      0       0      17        0.0%
BITSFR16             0      0       0      17        0.0%
SFR16                0      0       0      17        0.0%
BITBANK7            50      0       0      18        0.0%
BITSFR17             0      0       0      18        0.0%
SFR17                0      0       0      18        0.0%
BANK7               50      0       0      19        0.0%
BITSFR18             0      0       0      19        0.0%
SFR18                0      0       0      19        0.0%
BITSFR19             0      0       0      20        0.0%
SFR19                0      0       0      20        0.0%
ABS                  0      0       4      20        0.0%
BITBANK8            50      0       0      21        0.0%
BITSFR20             0      0       0      21        0.0%
SFR20                0      0       0      21        0.0%
BANK8               50      0       0      22        0.0%
BITSFR21             0      0       0      22        0.0%
SFR21                0      0       0      22        0.0%
BITBANK9            50      0       0      23        0.0%
BITSFR22             0      0       0      23        0.0%
SFR22                0      0       0      23        0.0%
BANK9               50      0       0      24        0.0%
BITSFR23             0      0       0      24        0.0%
SFR23                0      0       0      24        0.0%
BITBANK10           50      0       0      25        0.0%
BITSFR24             0      0       0      25        0.0%
SFR24                0      0       0      25        0.0%
BANK10              50      0       0      26        0.0%
BITSFR25             0      0       0      26        0.0%
SFR25                0      0       0      26        0.0%
BITBANK11           50      0       0      27        0.0%
BITSFR26             0      0       0      27        0.0%
SFR26                0      0       0      27        0.0%
BANK11              50      0       0      28        0.0%
BITSFR27             0      0       0      28        0.0%
SFR27                0      0       0      28        0.0%
BITBANK12           30      0       0      29        0.0%
BITSFR28             0      0       0      29        0.0%
SFR28                0      0       0      29        0.0%
BANK12              30      0       0      30        0.0%
BITSFR29             0      0       0      30        0.0%
SFR29                0      0       0      30        0.0%
BITSFR30             0      0       0      31        0.0%
SFR30                0      0       0      31        0.0%
DATA                 0      0       4      31        0.0%
BITSFR31             0      0       0      32        0.0%
SFR31                0      0       0      32        0.0%


Microchip Technology PIC Macro Assembler V2.32 build 20210201212658 
Symbol Table                                                                                   Sun Aug 01 17:01:50 2021

                             l22 0797                               l25 078A                               l19 07A4  
                             l64 07C6                               u27 07DC                               u37 07F2  
                            l146 0790                              l801 07C4                              l811 078B  
                            l803 0791                              l805 0794                              l813 0798  
                            l821 07CC                              l807 0795                              l815 07A1  
                            l831 07D2                              l823 07CE                              l809 0787  
                            l841 07D7                              l833 07D3                              l825 07CF  
                            l817 07C7                              l851 07E7                              l843 07E2  
                            l835 07D4                              l827 07D0                              l819 07CA  
                            l781 07B0                              l861 07EC                              l853 07E8  
                            l845 07E4                              l837 07D5                              l829 07D1  
                            l791 07BB                              l783 07B2                              l775 07A5  
                            l863 07ED                              l855 07E9                              l847 07E5  
                            l839 07D6                              l793 07BD                              l785 07B4  
                            l777 07AB                              l857 07EA                              l849 07E6  
                            l795 07BF                              l787 07B6                              l779 07AE  
                            l859 07EB                              l797 07C1                              l789 07B9  
                            l799 07C2                              wreg 0009                             _LATA 010C  
                           _LATB 010D                             _LATC 010E                             _LATD 010F  
                           _LATE 0110                             _WPUB 020D                             _WPUE 0210  
                           _main 07C7                             btemp 007E                             start 0002  
 __size_of_OSCILLATOR_Initialize 0007    __end_of_OSCILLATOR_Initialize 0798                            ?_main 0072  
                          _TRISA 008C                            _TRISB 008D                            _TRISC 008E  
                          _TRISD 008F                            _TRISE 0090                   _WDT_Initialize 0787  
                          wtemp0 007E                  __initialization 07FB                     __end_of_main 07FB  
                         ??_main 0072           __end_of_WDT_Initialize 078B                           _ADCON0 009D  
                         _ADCON1 009E                           _ADRESH 009C                           _ADRESL 009B  
                         _APFCON 011D                           _ANSELA 018C                           _ANSELB 018D  
                         _ANSELD 018F                           _ANSELE 0190                           _BORCON 0116  
                         _OSCCON 0099                           _WDTCON 0097                  ?_WDT_Initialize 0072  
              _SYSTEM_Initialize 0798          __end_of__initialization 07FD               ?_SYSTEM_Initialize 0072  
                 __pcstackCOMMON 0072              ??_SYSTEM_Initialize 0072                   _OPTION_REGbits 0095  
      __end_of_SYSTEM_Initialize 07A5                       __pmaintext 07C7          __size_of_ADC_Initialize 0006  
                        _OSCTUNE 0098             _ADC_InterruptHandler 0070                          __ptext1 0798  
                        __ptext2 0787                          __ptext3 07A5                          __ptext4 0791  
                        __ptext5 078B            _OSCILLATOR_Initialize 0791         ??_PIN_MANAGER_Initialize 0072  
     __size_of_SYSTEM_Initialize 000D             end_of_initialization 07FD                 ??_WDT_Initialize 0072  
                 _ADC_Initialize 078B           ?_OSCILLATOR_Initialize 0072              start_initialization 07FB  
__size_of_PIN_MANAGER_Initialize 0022           __end_of_ADC_Initialize 0791                      __pbssCOMMON 0070  
                      ___latbits 0003           _PIN_MANAGER_Initialize 07A5                  ?_ADC_Initialize 0072  
                       _LATAbits 010C                         _LATCbits 010E                         _LATDbits 010F  
                       _LATEbits 0110                       _ADCON0bits 009D          ??_OSCILLATOR_Initialize 0072  
                  __size_of_main 0034          __size_of_WDT_Initialize 0004          ?_PIN_MANAGER_Initialize 0072  
               ??_ADC_Initialize 0072   __end_of_PIN_MANAGER_Initialize 07C7  
