Microchip MPLAB XC8 Compiler V2.32

Linker command line:

-W-3 --edf=C:\Program Files\Microchip\xc8\v2.32\pic\dat\en_msgs.txt -cn \
  -h+dist/default/production\30973193.X.production.sym \
  --cmf=dist/default/production\30973193.X.production.cmf -z -Q16F1939 \
  -oC:\Users\THIENA~1\AppData\Local\Temp\xcAscns.4 --defsym=__MPLAB_BUILD=1 \
  -Mdist/default/production/30973193.X.production.map -E1 -ver=XC8 Compiler \
  --acfsm=1493 -ASTACK=02045h-023EFh -pstack=STACK -ACODE=00h-07FFhx8 \
  -ASTRCODE=00h-03FFFh -ASTRING=00h-0FFhx64 -ACONST=00h-0FFhx64 \
  -AENTRY=00h-0FFhx64 -ACOMMON=070h-07Fh -ABANK0=020h-06Fh \
  -ABANK1=0A0h-0EFh -ABANK2=0120h-016Fh -ABANK3=01A0h-01EFh \
  -ABANK4=0220h-026Fh -ABANK5=02A0h-02EFh -ABANK6=0320h-036Fh \
  -ABANK7=03A0h-03EFh -ABANK8=0420h-046Fh -ABANK9=04A0h-04EFh \
  -ABANK10=0520h-056Fh -ABANK11=05A0h-05EFh -ABANK12=0620h-064Fh \
  -ABIGRAM=02000h-023EFh \
  -ARAM=020h-06Fh,0A0h-0EFh,0120h-016Fh,01A0h-01EFh,0220h-026Fh,02A0h-02EFh,0320h-036Fh,03A0h-03EFh,0420h-046Fh,04A0h-04EFh,0520h-056Fh,05A0h-05EFh,0620h-064Fh \
  -AABS1=020h-07Fh,0A0h-0EFh,0120h-016Fh,01A0h-01EFh,0220h-026Fh,02A0h-02EFh,0320h-036Fh,03A0h-03EFh,0420h-046Fh,04A0h-04EFh,0520h-056Fh,05A0h-05EFh,0620h-064Fh \
  -ASFR0=00h-01Fh -ASFR1=080h-09Fh -ASFR2=0100h-011Fh -ASFR3=0180h-019Fh \
  -ASFR4=0200h-021Fh -ASFR5=0280h-029Fh -ASFR6=0300h-031Fh \
  -ASFR7=0380h-039Fh -ASFR8=0400h-041Fh -ASFR9=0480h-049Fh \
  -ASFR10=0500h-051Fh -ASFR11=0580h-059Fh -ASFR12=0600h-061Fh \
  -ASFR13=0680h-06EFh -ASFR14=0700h-076Fh -ASFR15=0780h-07EFh \
  -ASFR16=0800h-086Fh -ASFR17=0880h-08EFh -ASFR18=0900h-096Fh \
  -ASFR19=0980h-09EFh -ASFR20=0A00h-0A6Fh -ASFR21=0A80h-0AEFh \
  -ASFR22=0B00h-0B6Fh -ASFR23=0B80h-0BEFh -ASFR24=0C00h-0C6Fh \
  -ASFR25=0C80h-0CEFh -ASFR26=0D00h-0D6Fh -ASFR27=0D80h-0DEFh \
  -ASFR28=0E00h-0E6Fh -ASFR29=0E80h-0EEFh -ASFR30=0F00h-0F6Fh \
  -ASFR31=0F80h-0FEFh -ACONFIG=08007h-08008h -DCONFIG=2 \
  -AIDLOC=08000h-08003h -DIDLOC=2 -AEEDATA=00h-0FFh/0F000h \
  -peeprom_data=EEDATA -DEEDATA=2 -DCODE=2 -DSTRCODE=2 -DSTRING=2 -DCONST=2 \
  -DENTRY=2 -preset_vec=00h,intentry,init,end_init -ppowerup=CODE \
  -pcinit=CODE -pfunctab=ENTRY -k \
  C:\Users\THIENA~1\AppData\Local\Temp\xcAscns.o \
  dist/default/production\30973193.X.production.o 

Object code version is 3.11

Machine type is 16F1939



                Name                               Link     Load   Length Selector   Space Scale
C:\Users\THIENA~1\AppData\Local\Temp\xcAscns.o
                end_init                              2        2        2        0       0
                reset_vec                             0        0        2        0       0
                config                             8007     8007        2        0       4
dist/default/production\30973193.X.production.o
                cinit                               7E9      7E9       17      FD2       0
                config                             8007     8007        2        0       4
                text24                              36A      36A        7      6D4       0
                text23                              457      457       1F      8AE       0
                text22                              360      360        4      6C0       0
                text21                              371      371        A      6E2       0
                text20                              37B      37B        B      6F6       0
                text19                              386      386        B      70C       0
                text18                              391      391        B      722       0
                text17                              39C      39C        B      738       0
                text16                              3A7      3A7        B      74E       0
                text15                              3B2      3B2        B      764       0
                text14                              3BD      3BD        B      77A       0
                text13                              3C8      3C8        B      790       0
                text12                              3D3      3D3        B      7A6       0
                text11                              3DE      3DE        B      7BC       0
                text10                              3E9      3E9        B      7D2       0
                text9                               3F4      3F4        B      7E8       0
                text8                               3FF      3FF        B      7FE       0
                text7                               40A      40A        B      814       0
                text6                               415      415        B      82A       0
                text5                               420      420        B      840       0
                text4                               42B      42B        B      856       0
                text3                               436      436        B      86C       0
                text2                               441      441        B      882       0
                text1                               44C      44C        B      898       0
                maintext                            49F      49F      34A      93E       0
                cstackBANK0                          49       49       1C       20       1
                cstackCOMMON                         70       70        3       70       1
                inittext                            364      364        6      6C8       0
                dataBANK0                            20       20       29       20       1
                dataCOMMON                           73       73        2       70       1
                idataBANK0                          476      476       29      8EC       0
                idataCOMMON                         35E      35E        2      6BC       0

TOTAL           Name                               Link     Load   Length     Space
        CLASS   STACK          

        CLASS   CODE           
                end_init                              2        2        2         0
                cinit                               7E9      7E9       17         0
                reset_vec                             0        0        2         0
                text24                              36A      36A        7         0
                text23                              457      457       1F         0
                text22                              360      360        4         0
                text21                              371      371        A         0
                text20                              37B      37B        B         0
                text19                              386      386        B         0
                text18                              391      391        B         0
                text17                              39C      39C        B         0
                text16                              3A7      3A7        B         0
                text15                              3B2      3B2        B         0
                text14                              3BD      3BD        B         0
                text13                              3C8      3C8        B         0
                text12                              3D3      3D3        B         0
                text11                              3DE      3DE        B         0
                text10                              3E9      3E9        B         0
                text9                               3F4      3F4        B         0
                text8                               3FF      3FF        B         0
                text7                               40A      40A        B         0
                text6                               415      415        B         0
                text5                               420      420        B         0
                text4                               42B      42B        B         0
                text3                               436      436        B         0
                text2                               441      441        B         0
                text1                               44C      44C        B         0
                maintext                            49F      49F      34A         0
                inittext                            364      364        6         0
                idataBANK0                          476      476       29         0
                idataCOMMON                         35E      35E        2         0

        CLASS   STRCODE        

        CLASS   STRING         

        CLASS   CONST          

        CLASS   ENTRY          

        CLASS   COMMON         
                cstackCOMMON                         70       70        3         1
                dataCOMMON                           73       73        2         1

        CLASS   BANK0          
                cstackBANK0                          49       49       1C         1
                dataBANK0                            20       20       29         1

        CLASS   BANK1          

        CLASS   BANK2          

        CLASS   BANK3          

        CLASS   BANK4          

        CLASS   BANK5          

        CLASS   BANK6          

        CLASS   BANK7          

        CLASS   BANK8          

        CLASS   BANK9          

        CLASS   BANK10         

        CLASS   BANK11         

        CLASS   BANK12         

        CLASS   BIGRAM         

        CLASS   RAM            

        CLASS   ABS1           
                abs_s1                               7E       7E        2         1

        CLASS   SFR0           

        CLASS   SFR1           

        CLASS   SFR2           

        CLASS   SFR3           

        CLASS   SFR4           

        CLASS   SFR5           

        CLASS   SFR6           

        CLASS   SFR7           

        CLASS   SFR8           

        CLASS   SFR9           

        CLASS   SFR10          

        CLASS   SFR11          

        CLASS   SFR12          

        CLASS   SFR13          

        CLASS   SFR14          

        CLASS   SFR15          

        CLASS   SFR16          

        CLASS   SFR17          

        CLASS   SFR18          

        CLASS   SFR19          

        CLASS   SFR20          

        CLASS   SFR21          

        CLASS   SFR22          

        CLASS   SFR23          

        CLASS   SFR24          

        CLASS   SFR25          

        CLASS   SFR26          

        CLASS   SFR27          

        CLASS   SFR28          

        CLASS   SFR29          

        CLASS   SFR30          

        CLASS   SFR31          

        CLASS   CONFIG         
                config                             8007     8007        2         4

        CLASS   IDLOC          

        CLASS   EEDATA         

        CLASS   BANK31         

        CLASS   BANK30         

        CLASS   BANK29         

        CLASS   BANK28         

        CLASS   BANK27         

        CLASS   BANK26         

        CLASS   BANK25         

        CLASS   BANK24         

        CLASS   BANK23         

        CLASS   BANK22         

        CLASS   BANK21         

        CLASS   BANK20         

        CLASS   BANK19         

        CLASS   BANK18         

        CLASS   BANK17         

        CLASS   BANK16         

        CLASS   BANK15         

        CLASS   BANK14         

        CLASS   BANK13         



SEGMENTS        Name                           Load    Length   Top    Selector   Space  Class     Delta

                reset_vec                      000000  000004  000004         0       0  CODE        2
                dataBANK0                      000020  000045  000065        20       1  BANK0       1
                cstackCOMMON                   000070  000005  000075        70       1  COMMON      1
                idataCOMMON                    00035E  000002  000360       6BC       0  CODE        2
                text22                         000360  000004  000364       6C0       0  CODE        2
                inittext                       000364  000006  00036A       6C8       0  CODE        2
                text24                         00036A  000007  000371       6D4       0  CODE        2
                text21                         000371  00000A  00037B       6E2       0  CODE        2
                text20                         00037B  00000B  000386       6F6       0  CODE        2
                text19                         000386  00000B  000391       70C       0  CODE        2
                text18                         000391  00000B  00039C       722       0  CODE        2
                text17                         00039C  00000B  0003A7       738       0  CODE        2
                text16                         0003A7  00000B  0003B2       74E       0  CODE        2
                text15                         0003B2  00000B  0003BD       764       0  CODE        2
                text14                         0003BD  00000B  0003C8       77A       0  CODE        2
                text13                         0003C8  00000B  0003D3       790       0  CODE        2
                text12                         0003D3  00000B  0003DE       7A6       0  CODE        2
                text11                         0003DE  00000B  0003E9       7BC       0  CODE        2
                text10                         0003E9  00000B  0003F4       7D2       0  CODE        2
                text9                          0003F4  00000B  0003FF       7E8       0  CODE        2
                text8                          0003FF  00000B  00040A       7FE       0  CODE        2
                text7                          00040A  00000B  000415       814       0  CODE        2
                text6                          000415  00000B  000420       82A       0  CODE        2
                text5                          000420  00000B  00042B       840       0  CODE        2
                text4                          00042B  00000B  000436       856       0  CODE        2
                text3                          000436  00000B  000441       86C       0  CODE        2
                text2                          000441  00000B  00044C       882       0  CODE        2
                text1                          00044C  00000B  000457       898       0  CODE        2
                text23                         000457  00001F  000476       8AE       0  CODE        2
                idataBANK0                     000476  000029  00049F       8EC       0  CODE        2
                maintext                       00049F  00034A  0007E9       93E       0  CODE        2
                cinit                          0007E9  000017  000800       FD2       0  CODE        2


UNUSED ADDRESS RANGES

        Name                Unused          Largest block    Delta
        BANK0            00065-0006F               B           1
        BANK1            000A0-000EF              50           1
        BANK10           00520-0056F              50           1
        BANK11           005A0-005EF              50           1
        BANK12           00620-0064F              30           1
        BANK2            00120-0016F              50           1
        BANK3            001A0-001EF              50           1
        BANK4            00220-0026F              50           1
        BANK5            002A0-002EF              50           1
        BANK6            00320-0036F              50           1
        BANK7            003A0-003EF              50           1
        BANK8            00420-0046F              50           1
        BANK9            004A0-004EF              50           1
        BIGRAM           02000-023EF             3F0           1
        CODE             00004-0035D             35A           2
                         00800-03FFF             800
        COMMON           00075-0007D               9           1
        CONST            00004-0035D             100           2
                         00800-03FFF             100
        EEDATA           0F000-0F0FF             100           2
        ENTRY            00004-0035D             100           2
                         00800-03FFF             100
        IDLOC            08000-08003               4           2
        RAM              00065-0006F               B           1
                         000A0-000EF              50
                         00120-0016F              50
                         001A0-001EF              50
                         00220-0026F              50
                         002A0-002EF              50
                         00320-0036F              50
                         003A0-003EF              50
                         00420-0046F              50
                         004A0-004EF              50
                         00520-0056F              50
                         005A0-005EF              50
                         00620-0064F              30
        SFR0             00000-0001F              20           1
        SFR1             00080-0009F              20           1
        SFR10            00500-0051F              20           1
        SFR11            00580-0059F              20           1
        SFR12            00600-0061F              20           1
        SFR13            00680-006EF              70           1
        SFR14            00700-0076F              70           1
        SFR15            00780-007EF              70           1
        SFR16            00800-0086F              70           1
        SFR17            00880-008EF              70           1
        SFR18            00900-0096F              70           1
        SFR19            00980-009EF              70           1
        SFR2             00100-0011F              20           1
        SFR20            00A00-00A6F              70           1
        SFR21            00A80-00AEF              70           1
        SFR22            00B00-00B6F              70           1
        SFR23            00B80-00BEF              70           1
        SFR24            00C00-00C6F              70           1
        SFR25            00C80-00CEF              70           1
        SFR26            00D00-00D6F              70           1
        SFR27            00D80-00DEF              70           1
        SFR28            00E00-00E6F              70           1
        SFR29            00E80-00EEF              70           1
        SFR3             00180-0019F              20           1
        SFR30            00F00-00F6F              70           1
        SFR31            00F80-00FEF              70           1
        SFR4             00200-0021F              20           1
        SFR5             00280-0029F              20           1
        SFR6             00300-0031F              20           1
        SFR7             00380-0039F              20           1
        SFR8             00400-0041F              20           1
        SFR9             00480-0049F              20           1
        STACK            02045-023EF             3AB           1
        STRCODE          00004-0035D             35A           2
                         00800-03FFF            3800
        STRING           00004-0035D             100           2
                         00800-03FFF             100

                                  Symbol Table

_ANSELA                          (abs)        0018C
_ANSELB                          (abs)        0018D
_ANSELD                          (abs)        0018F
_ANSELE                          (abs)        00190
_APFCON                          (abs)        0011D
_BORCON                          (abs)        00116
_LATA                            (abs)        0010C
_LATAbits                        (abs)        0010C
_LATB                            (abs)        0010D
_LATC                            (abs)        0010E
_LATCbits                        (abs)        0010E
_LATD                            (abs)        0010F
_LATDbits                        (abs)        0010F
_LATE                            (abs)        00110
_LATEbits                        (abs)        00110
_Lower_LED                       dataBANK0    00020
_OPTION_REGbits                  (abs)        00095
_OSCCON                          (abs)        00099
_OSCILLATOR_Initialize           text24       0036A
_OSCTUNE                         (abs)        00098
_PIN_MANAGER_Initialize          text23       00457
_PORTAbits                       (abs)        0000C
_PORTBbits                       (abs)        0000D
_SYSTEM_Initialize               text21       00371
_TRISA                           (abs)        0008C
_TRISB                           (abs)        0008D
_TRISC                           (abs)        0008E
_TRISD                           (abs)        0008F
_TRISE                           (abs)        00090
_Upper_LED                       dataBANK0    00034
_WDTCON                          (abs)        00097
_WDT_Initialize                  text22       00360
_WPUB                            (abs)        0020D
_WPUE                            (abs)        00210
__Habs1                          abs1         00000
__Hbank0                         bank0        00000
__Hbank1                         bank1        00000
__Hbank10                        bank10       00000
__Hbank11                        bank11       00000
__Hbank12                        bank12       00000
__Hbank13                        bank13       00000
__Hbank14                        bank14       00000
__Hbank15                        bank15       00000
__Hbank16                        bank16       00000
__Hbank17                        bank17       00000
__Hbank18                        bank18       00000
__Hbank19                        bank19       00000
__Hbank2                         bank2        00000
__Hbank20                        bank20       00000
__Hbank21                        bank21       00000
__Hbank22                        bank22       00000
__Hbank23                        bank23       00000
__Hbank24                        bank24       00000
__Hbank25                        bank25       00000
__Hbank26                        bank26       00000
__Hbank27                        bank27       00000
__Hbank28                        bank28       00000
__Hbank29                        bank29       00000
__Hbank3                         bank3        00000
__Hbank30                        bank30       00000
__Hbank31                        bank31       00000
__Hbank4                         bank4        00000
__Hbank5                         bank5        00000
__Hbank6                         bank6        00000
__Hbank7                         bank7        00000
__Hbank8                         bank8        00000
__Hbank9                         bank9        00000
__Hbigram                        bigram       00000
__Hcinit                         cinit        00800
__Hclrtext                       clrtext      00000
__Hcode                          code         00000
__Hcommon                        common       00000
__Hconfig                        config       08009
__HcstackBANK0                   cstackBANK0  00000
__HcstackCOMMON                  cstackCOMMON 00000
__HdataBANK0                     dataBANK0    00000
__HdataCOMMON                    dataCOMMON   00000
__Heeprom_data                   eeprom_data  00000
__Hend_init                      end_init     00004
__Hfunctab                       functab      00000
__HidataBANK0                    idataBANK0   00000
__HidataCOMMON                   idataCOMMON  00000
__Hinit                          init         00002
__Hinittext                      inittext     00000
__Hintentry                      intentry     00002
__Hmaintext                      maintext     00000
__Hpowerup                       powerup      00000
__Hram                           ram          00000
__Hreset_vec                     reset_vec    00002
__Hsfr0                          sfr0         00000
__Hsfr1                          sfr1         00000
__Hsfr10                         sfr10        00000
__Hsfr11                         sfr11        00000
__Hsfr12                         sfr12        00000
__Hsfr13                         sfr13        00000
__Hsfr14                         sfr14        00000
__Hsfr15                         sfr15        00000
__Hsfr16                         sfr16        00000
__Hsfr17                         sfr17        00000
__Hsfr18                         sfr18        00000
__Hsfr19                         sfr19        00000
__Hsfr2                          sfr2         00000
__Hsfr20                         sfr20        00000
__Hsfr21                         sfr21        00000
__Hsfr22                         sfr22        00000
__Hsfr23                         sfr23        00000
__Hsfr24                         sfr24        00000
__Hsfr25                         sfr25        00000
__Hsfr26                         sfr26        00000
__Hsfr27                         sfr27        00000
__Hsfr28                         sfr28        00000
__Hsfr29                         sfr29        00000
__Hsfr3                          sfr3         00000
__Hsfr30                         sfr30        00000
__Hsfr31                         sfr31        00000
__Hsfr4                          sfr4         00000
__Hsfr5                          sfr5         00000
__Hsfr6                          sfr6         00000
__Hsfr7                          sfr7         00000
__Hsfr8                          sfr8         00000
__Hsfr9                          sfr9         00000
__Hspace_0                       (abs)        00800
__Hspace_1                       (abs)        00075
__Hspace_2                       (abs)        00000
__Hspace_3                       (abs)        00000
__Hspace_4                       (abs)        10010
__Hstack                         stack        00000
__Hstrings                       strings      00000
__Htext                          text         00000
__Labs1                          abs1         00000
__Lbank0                         bank0        00000
__Lbank1                         bank1        00000
__Lbank10                        bank10       00000
__Lbank11                        bank11       00000
__Lbank12                        bank12       00000
__Lbank13                        bank13       00000
__Lbank14                        bank14       00000
__Lbank15                        bank15       00000
__Lbank16                        bank16       00000
__Lbank17                        bank17       00000
__Lbank18                        bank18       00000
__Lbank19                        bank19       00000
__Lbank2                         bank2        00000
__Lbank20                        bank20       00000
__Lbank21                        bank21       00000
__Lbank22                        bank22       00000
__Lbank23                        bank23       00000
__Lbank24                        bank24       00000
__Lbank25                        bank25       00000
__Lbank26                        bank26       00000
__Lbank27                        bank27       00000
__Lbank28                        bank28       00000
__Lbank29                        bank29       00000
__Lbank3                         bank3        00000
__Lbank30                        bank30       00000
__Lbank31                        bank31       00000
__Lbank4                         bank4        00000
__Lbank5                         bank5        00000
__Lbank6                         bank6        00000
__Lbank7                         bank7        00000
__Lbank8                         bank8        00000
__Lbank9                         bank9        00000
__Lbigram                        bigram       00000
__Lcinit                         cinit        007E9
__Lclrtext                       clrtext      00000
__Lcode                          code         00000
__Lcommon                        common       00000
__Lconfig                        config       00000
__LcstackBANK0                   cstackBANK0  00000
__LcstackCOMMON                  cstackCOMMON 00000
__LdataBANK0                     dataBANK0    00000
__LdataCOMMON                    dataCOMMON   00000
__Leeprom_data                   eeprom_data  00000
__Lend_init                      end_init     00002
__Lfunctab                       functab      00000
__LidataBANK0                    idataBANK0   00000
__LidataCOMMON                   idataCOMMON  00000
__Linit                          init         00002
__Linittext                      inittext     00000
__Lintentry                      intentry     00002
__Lmaintext                      maintext     00000
__Lpowerup                       powerup      00000
__Lram                           ram          00000
__Lreset_vec                     reset_vec    00000
__Lsfr0                          sfr0         00000
__Lsfr1                          sfr1         00000
__Lsfr10                         sfr10        00000
__Lsfr11                         sfr11        00000
__Lsfr12                         sfr12        00000
__Lsfr13                         sfr13        00000
__Lsfr14                         sfr14        00000
__Lsfr15                         sfr15        00000
__Lsfr16                         sfr16        00000
__Lsfr17                         sfr17        00000
__Lsfr18                         sfr18        00000
__Lsfr19                         sfr19        00000
__Lsfr2                          sfr2         00000
__Lsfr20                         sfr20        00000
__Lsfr21                         sfr21        00000
__Lsfr22                         sfr22        00000
__Lsfr23                         sfr23        00000
__Lsfr24                         sfr24        00000
__Lsfr25                         sfr25        00000
__Lsfr26                         sfr26        00000
__Lsfr27                         sfr27        00000
__Lsfr28                         sfr28        00000
__Lsfr29                         sfr29        00000
__Lsfr3                          sfr3         00000
__Lsfr30                         sfr30        00000
__Lsfr31                         sfr31        00000
__Lsfr4                          sfr4         00000
__Lsfr5                          sfr5         00000
__Lsfr6                          sfr6         00000
__Lsfr7                          sfr7         00000
__Lsfr8                          sfr8         00000
__Lsfr9                          sfr9         00000
__Lspace_0                       (abs)        00000
__Lspace_1                       (abs)        00000
__Lspace_2                       (abs)        00000
__Lspace_3                       (abs)        00000
__Lspace_4                       (abs)        00000
__Lstack                         stack        00000
__Lstrings                       strings      00000
__Ltext                          text         00000
__S0                             (abs)        00800
__S1                             (abs)        00075
__S2                             (abs)        00000
__S3                             (abs)        00000
___int_sp                        stack        00000
___latbits                       (abs)        00003
___sp                            stack        00000
___stackhi                       (abs)        023EF
___stacklo                       (abs)        02045
__end_of_OSCILLATOR_Initialize   text24       00371
__end_of_PIN_MANAGER_Initialize  text23       00476
__end_of_SYSTEM_Initialize       text21       0037B
__end_of_WDT_Initialize          text22       00364
__end_of__initialization         cinit        007FD
__end_of_main                    maintext     007E9
__end_of_setA0                   text9        003FF
__end_of_setA2                   text19       00391
__end_of_setA3                   text18       0039C
__end_of_setA6                   text8        0040A
__end_of_setA7                   text17       003A7
__end_of_setC0                   text16       003B2
__end_of_setC3                   text7        00415
__end_of_setC4                   text13       003D3
__end_of_setC5                   text4        00436
__end_of_setC6                   text12       003DE
__end_of_setC7                   text3        00441
__end_of_setD0                   text15       003BD
__end_of_setD1                   text6        00420
__end_of_setD2                   text14       003C8
__end_of_setD3                   text5        0042B
__end_of_setD4                   text11       003E9
__end_of_setD5                   text2        0044C
__end_of_setD6                   text20       00386
__end_of_setD7                   text1        00457
__end_of_setE1                   text10       003F4
__initialization                 cinit        007E9
__pcstackBANK0                   cstackBANK0  00049
__pcstackCOMMON                  cstackCOMMON 00070
__pdataBANK0                     dataBANK0    00020
__pdataCOMMON                    dataCOMMON   00073
__pidataBANK0                    idataBANK0   00476
__pidataCOMMON                   idataCOMMON  0035E
__pmaintext                      maintext     0049F
__ptext1                         text1        0044C
__ptext10                        text10       003E9
__ptext11                        text11       003DE
__ptext12                        text12       003D3
__ptext13                        text13       003C8
__ptext14                        text14       003BD
__ptext15                        text15       003B2
__ptext16                        text16       003A7
__ptext17                        text17       0039C
__ptext18                        text18       00391
__ptext19                        text19       00386
__ptext2                         text2        00441
__ptext20                        text20       0037B
__ptext21                        text21       00371
__ptext22                        text22       00360
__ptext23                        text23       00457
__ptext24                        text24       0036A
__ptext3                         text3        00436
__ptext4                         text4        0042B
__ptext5                         text5        00420
__ptext6                         text6        00415
__ptext7                         text7        0040A
__ptext8                         text8        003FF
__ptext9                         text9        003F4
__size_of_OSCILLATOR_Initialize  (abs)        00000
__size_of_PIN_MANAGER_Initialize (abs)        00000
__size_of_SYSTEM_Initialize      (abs)        00000
__size_of_WDT_Initialize         (abs)        00000
__size_of_main                   (abs)        00000
__size_of_setA0                  (abs)        00000
__size_of_setA2                  (abs)        00000
__size_of_setA3                  (abs)        00000
__size_of_setA6                  (abs)        00000
__size_of_setA7                  (abs)        00000
__size_of_setC0                  (abs)        00000
__size_of_setC3                  (abs)        00000
__size_of_setC4                  (abs)        00000
__size_of_setC5                  (abs)        00000
__size_of_setC6                  (abs)        00000
__size_of_setC7                  (abs)        00000
__size_of_setD0                  (abs)        00000
__size_of_setD1                  (abs)        00000
__size_of_setD2                  (abs)        00000
__size_of_setD3                  (abs)        00000
__size_of_setD4                  (abs)        00000
__size_of_setD5                  (abs)        00000
__size_of_setD6                  (abs)        00000
__size_of_setD7                  (abs)        00000
__size_of_setE1                  (abs)        00000
_main                            maintext     0049F
_main$387                        cstackBANK0  00049
_main$389                        cstackBANK0  0004B
_setA0                           text9        003F4
_setA2                           text19       00386
_setA3                           text18       00391
_setA6                           text8        003FF
_setA7                           text17       0039C
_setC0                           text16       003A7
_setC3                           text7        0040A
_setC4                           text13       003C8
_setC5                           text4        0042B
_setC6                           text12       003D3
_setC7                           text3        00436
_setD0                           text15       003B2
_setD1                           text6        00415
_setD2                           text14       003BD
_setD3                           text5        00420
_setD4                           text11       003DE
_setD5                           text2        00441
_setD6                           text20       0037B
_setD7                           text1        0044C
_setE1                           text10       003E9
_status                          dataBANK0    00048
btemp                            (abs)        0007E
end_of_initialization            cinit        007FD
init_ram                         inittext     00364
intlevel0                        functab      00000
intlevel1                        functab      00000
intlevel2                        functab      00000
intlevel3                        functab      00000
intlevel4                        functab      00000
intlevel5                        functab      00000
main@currentCounter              cstackBANK0  00063
main@i                           cstackBANK0  00059
main@i_384                       cstackBANK0  0005B
main@i_385                       cstackBANK0  0005D
main@i_386                       cstackBANK0  00051
main@i_388                       cstackBANK0  00057
main@i_390                       cstackBANK0  0005F
main@i_399                       cstackBANK0  0004D
main@i_400                       cstackBANK0  00053
main@i_401                       cstackBANK0  0004F
main@i_402                       cstackBANK0  00055
main@savedCounter                cstackBANK0  00061
reset_vec                        reset_vec    00000
setA0@status                     cstackCOMMON 00070
setA2@status                     cstackCOMMON 00070
setA3@status                     cstackCOMMON 00070
setA6@status                     cstackCOMMON 00070
setA7@status                     cstackCOMMON 00070
setC0@status                     cstackCOMMON 00070
setC3@status                     cstackCOMMON 00070
setC4@status                     cstackCOMMON 00070
setC5@status                     cstackCOMMON 00070
setC6@status                     cstackCOMMON 00070
setC7@status                     cstackCOMMON 00070
setD0@status                     cstackCOMMON 00070
setD1@status                     cstackCOMMON 00070
setD2@status                     cstackCOMMON 00070
setD3@status                     cstackCOMMON 00070
setD4@status                     cstackCOMMON 00070
setD5@status                     cstackCOMMON 00070
setD6@status                     cstackCOMMON 00070
setD7@status                     cstackCOMMON 00070
setE1@status                     cstackCOMMON 00070
start                            init         00002
start_initialization             cinit        007E9
wtemp0                           (abs)        0007E


MODULE INFORMATION

Module		Function		Class		Link	Load	Size
mcc_generated_files/pin_manager.c
		_PIN_MANAGER_Initialize		CODE           	0457	0000	31

mcc_generated_files/pin_manager.c estimated size: 31

mcc_generated_files/LED_manager.c
		_setD3         		CODE           	0420	0000	11
		_setC4         		CODE           	03C8	0000	11
		_setD4         		CODE           	03DE	0000	11
		_setA0         		CODE           	03F4	0000	11
		_setA6         		CODE           	03FF	0000	11
		_setC5         		CODE           	042B	0000	11
		_setD5         		CODE           	0441	0000	11
		_setC0         		CODE           	03A7	0000	11
		_setA7         		CODE           	039C	0000	11
		_setC6         		CODE           	03D3	0000	11
		_setD0         		CODE           	03B2	0000	11
		_setD6         		CODE           	037B	0000	11
		_setA2         		CODE           	0386	0000	11
		_setC7         		CODE           	0436	0000	11
		_setD1         		CODE           	0415	0000	11
		_setD7         		CODE           	044C	0000	11
		_setA3         		CODE           	0391	0000	11
		_setE1         		CODE           	03E9	0000	11
		_setD2         		CODE           	03BD	0000	11
		_setC3         		CODE           	040A	0000	11

mcc_generated_files/LED_manager.c estimated size: 220

shared
		__initialization		CODE           	07E9	0000	20

shared estimated size: 20

mcc_generated_files/mcc.c
		_WDT_Initialize		CODE           	0360	0000	4
		_OSCILLATOR_Initialize		CODE           	036A	0000	7
		_SYSTEM_Initialize		CODE           	0371	0000	10

mcc_generated_files/mcc.c estimated size: 21

main.c
		_main          		CODE           	049F	0000	842

main.c estimated size: 842

