Microchip MPLAB XC8 Compiler V2.32

Linker command line:

-W-3 --edf=C:\Program Files\Microchip\xc8\v2.32\pic\dat\en_msgs.txt -cn \
  -h+dist/default/production\30973193.X.production.sym \
  --cmf=dist/default/production\30973193.X.production.cmf -z -Q16F1939 \
  -oC:\Users\THIENA~1\AppData\Local\Temp\xcAsffo.4 --defsym=__MPLAB_BUILD=1 \
  -Mdist/default/production/30973193.X.production.map -E1 -ver=XC8 Compiler \
  --acfsm=1493 -ASTACK=02028h-023EFh -pstack=STACK -ACODE=00h-07FFhx8 \
  -ASTRCODE=00h-03FFFh -ASTRING=00h-0FFhx64 -ACONST=00h-0FFhx64 \
  -AENTRY=00h-0FFhx64 -ACOMMON=070h-07Fh -ABANK0=020h-06Fh \
  -ABANK1=0A0h-0EFh -ABANK2=0120h-016Fh -ABANK3=01A0h-01EFh \
  -ABANK4=0220h-026Fh -ABANK5=02A0h-02EFh -ABANK6=0320h-036Fh \
  -ABANK7=03A0h-03EFh -ABANK8=0420h-046Fh -ABANK9=04A0h-04EFh \
  -ABANK10=0520h-056Fh -ABANK11=05A0h-05EFh -ABANK12=0620h-064Fh \
  -ABIGRAM=02000h-023EFh \
  -ARAM=020h-06Fh,0A0h-0EFh,0120h-016Fh,01A0h-01EFh,0220h-026Fh,02A0h-02EFh,0320h-036Fh,03A0h-03EFh,0420h-046Fh,04A0h-04EFh,0520h-056Fh,05A0h-05EFh,0620h-064Fh \
  -AABS1=020h-07Fh,0A0h-0EFh,0120h-016Fh,01A0h-01EFh,0220h-026Fh,02A0h-02EFh,0320h-036Fh,03A0h-03EFh,0420h-046Fh,04A0h-04EFh,0520h-056Fh,05A0h-05EFh,0620h-064Fh \
  -ASFR0=00h-01Fh -ASFR1=080h-09Fh -ASFR2=0100h-011Fh -ASFR3=0180h-019Fh \
  -ASFR4=0200h-021Fh -ASFR5=0280h-029Fh -ASFR6=0300h-031Fh \
  -ASFR7=0380h-039Fh -ASFR8=0400h-041Fh -ASFR9=0480h-049Fh \
  -ASFR10=0500h-051Fh -ASFR11=0580h-059Fh -ASFR12=0600h-061Fh \
  -ASFR13=0680h-06EFh -ASFR14=0700h-076Fh -ASFR15=0780h-07EFh \
  -ASFR16=0800h-086Fh -ASFR17=0880h-08EFh -ASFR18=0900h-096Fh \
  -ASFR19=0980h-09EFh -ASFR20=0A00h-0A6Fh -ASFR21=0A80h-0AEFh \
  -ASFR22=0B00h-0B6Fh -ASFR23=0B80h-0BEFh -ASFR24=0C00h-0C6Fh \
  -ASFR25=0C80h-0CEFh -ASFR26=0D00h-0D6Fh -ASFR27=0D80h-0DEFh \
  -ASFR28=0E00h-0E6Fh -ASFR29=0E80h-0EEFh -ASFR30=0F00h-0F6Fh \
  -ASFR31=0F80h-0FEFh -ACONFIG=08007h-08008h -DCONFIG=2 \
  -AIDLOC=08000h-08003h -DIDLOC=2 -AEEDATA=00h-0FFh/0F000h \
  -peeprom_data=EEDATA -DEEDATA=2 -DCODE=2 -DSTRCODE=2 -DSTRING=2 -DCONST=2 \
  -DENTRY=2 -preset_vec=00h,intentry,init,end_init -ppowerup=CODE \
  -pcinit=CODE -pfunctab=ENTRY -k \
  C:\Users\THIENA~1\AppData\Local\Temp\xcAsffo.o \
  dist/default/production\30973193.X.production.o 

Object code version is 3.11

Machine type is 16F1939



                Name                               Link     Load   Length Selector   Space Scale
C:\Users\THIENA~1\AppData\Local\Temp\xcAsffo.o
                end_init                              2        2        2        0       0
                reset_vec                             0        0        2        0       0
                config                             8007     8007        2        0       4
dist/default/production\30973193.X.production.o
                cinit                               7F1      7F1        F      FE2       0
                config                             8007     8007        2        0       4
                text24                              656      656        7      CAC       0
                text23                              743      743       1F      E86       0
                text22                              64C      64C        4      C98       0
                text21                              65D      65D        A      CBA       0
                text20                              667      667        B      CCE       0
                text19                              672      672        B      CE4       0
                text18                              67D      67D        B      CFA       0
                text17                              688      688        B      D10       0
                text16                              693      693        B      D26       0
                text15                              69E      69E        B      D3C       0
                text14                              6A9      6A9        B      D52       0
                text13                              6B4      6B4        B      D68       0
                text12                              6BF      6BF        B      D7E       0
                text11                              6CA      6CA        B      D94       0
                text10                              6D5      6D5        B      DAA       0
                text9                               6E0      6E0        B      DC0       0
                text8                               6EB      6EB        B      DD6       0
                text7                               6F6      6F6        B      DEC       0
                text6                               701      701        B      E02       0
                text5                               70C      70C        B      E18       0
                text4                               717      717        B      E2E       0
                text3                               722      722        B      E44       0
                text2                               72D      72D        B      E5A       0
                text1                               738      738        B      E70       0
                maintext                            78A      78A       67      F14       0
                cstackCOMMON                         70       70        6       70       1
                inittext                            650      650        6      CA0       0
                dataBANK0                            20       20       28       20       1
                idataBANK0                          762      762       28      EC4       0

TOTAL           Name                               Link     Load   Length     Space
        CLASS   STACK          

        CLASS   CODE           
                end_init                              2        2        2         0
                cinit                               7F1      7F1        F         0
                reset_vec                             0        0        2         0
                text24                              656      656        7         0
                text23                              743      743       1F         0
                text22                              64C      64C        4         0
                text21                              65D      65D        A         0
                text20                              667      667        B         0
                text19                              672      672        B         0
                text18                              67D      67D        B         0
                text17                              688      688        B         0
                text16                              693      693        B         0
                text15                              69E      69E        B         0
                text14                              6A9      6A9        B         0
                text13                              6B4      6B4        B         0
                text12                              6BF      6BF        B         0
                text11                              6CA      6CA        B         0
                text10                              6D5      6D5        B         0
                text9                               6E0      6E0        B         0
                text8                               6EB      6EB        B         0
                text7                               6F6      6F6        B         0
                text6                               701      701        B         0
                text5                               70C      70C        B         0
                text4                               717      717        B         0
                text3                               722      722        B         0
                text2                               72D      72D        B         0
                text1                               738      738        B         0
                maintext                            78A      78A       67         0
                inittext                            650      650        6         0
                idataBANK0                          762      762       28         0

        CLASS   STRCODE        

        CLASS   STRING         

        CLASS   CONST          

        CLASS   ENTRY          

        CLASS   COMMON         
                cstackCOMMON                         70       70        6         1

        CLASS   BANK0          
                dataBANK0                            20       20       28         1

        CLASS   BANK1          

        CLASS   BANK2          

        CLASS   BANK3          

        CLASS   BANK4          

        CLASS   BANK5          

        CLASS   BANK6          

        CLASS   BANK7          

        CLASS   BANK8          

        CLASS   BANK9          

        CLASS   BANK10         

        CLASS   BANK11         

        CLASS   BANK12         

        CLASS   BIGRAM         

        CLASS   RAM            

        CLASS   ABS1           
                abs_s1                               7E       7E        2         1

        CLASS   SFR0           

        CLASS   SFR1           

        CLASS   SFR2           

        CLASS   SFR3           

        CLASS   SFR4           

        CLASS   SFR5           

        CLASS   SFR6           

        CLASS   SFR7           

        CLASS   SFR8           

        CLASS   SFR9           

        CLASS   SFR10          

        CLASS   SFR11          

        CLASS   SFR12          

        CLASS   SFR13          

        CLASS   SFR14          

        CLASS   SFR15          

        CLASS   SFR16          

        CLASS   SFR17          

        CLASS   SFR18          

        CLASS   SFR19          

        CLASS   SFR20          

        CLASS   SFR21          

        CLASS   SFR22          

        CLASS   SFR23          

        CLASS   SFR24          

        CLASS   SFR25          

        CLASS   SFR26          

        CLASS   SFR27          

        CLASS   SFR28          

        CLASS   SFR29          

        CLASS   SFR30          

        CLASS   SFR31          

        CLASS   CONFIG         
                config                             8007     8007        2         4

        CLASS   IDLOC          

        CLASS   EEDATA         

        CLASS   BANK31         

        CLASS   BANK30         

        CLASS   BANK29         

        CLASS   BANK28         

        CLASS   BANK27         

        CLASS   BANK26         

        CLASS   BANK25         

        CLASS   BANK24         

        CLASS   BANK23         

        CLASS   BANK22         

        CLASS   BANK21         

        CLASS   BANK20         

        CLASS   BANK19         

        CLASS   BANK18         

        CLASS   BANK17         

        CLASS   BANK16         

        CLASS   BANK15         

        CLASS   BANK14         

        CLASS   BANK13         



SEGMENTS        Name                           Load    Length   Top    Selector   Space  Class     Delta

                reset_vec                      000000  000004  000004         0       0  CODE        2
                dataBANK0                      000020  000028  000048        20       1  BANK0       1
                cstackCOMMON                   000070  000006  000076        70       1  COMMON      1
                text22                         00064C  000004  000650       C98       0  CODE        2
                inittext                       000650  000006  000656       CA0       0  CODE        2
                text24                         000656  000007  00065D       CAC       0  CODE        2
                text21                         00065D  00000A  000667       CBA       0  CODE        2
                text20                         000667  00000B  000672       CCE       0  CODE        2
                text19                         000672  00000B  00067D       CE4       0  CODE        2
                text18                         00067D  00000B  000688       CFA       0  CODE        2
                text17                         000688  00000B  000693       D10       0  CODE        2
                text16                         000693  00000B  00069E       D26       0  CODE        2
                text15                         00069E  00000B  0006A9       D3C       0  CODE        2
                text14                         0006A9  00000B  0006B4       D52       0  CODE        2
                text13                         0006B4  00000B  0006BF       D68       0  CODE        2
                text12                         0006BF  00000B  0006CA       D7E       0  CODE        2
                text11                         0006CA  00000B  0006D5       D94       0  CODE        2
                text10                         0006D5  00000B  0006E0       DAA       0  CODE        2
                text9                          0006E0  00000B  0006EB       DC0       0  CODE        2
                text8                          0006EB  00000B  0006F6       DD6       0  CODE        2
                text7                          0006F6  00000B  000701       DEC       0  CODE        2
                text6                          000701  00000B  00070C       E02       0  CODE        2
                text5                          00070C  00000B  000717       E18       0  CODE        2
                text4                          000717  00000B  000722       E2E       0  CODE        2
                text3                          000722  00000B  00072D       E44       0  CODE        2
                text2                          00072D  00000B  000738       E5A       0  CODE        2
                text1                          000738  00000B  000743       E70       0  CODE        2
                text23                         000743  00001F  000762       E86       0  CODE        2
                idataBANK0                     000762  000028  00078A       EC4       0  CODE        2
                maintext                       00078A  000067  0007F1       F14       0  CODE        2
                cinit                          0007F1  00000F  000800       FE2       0  CODE        2


UNUSED ADDRESS RANGES

        Name                Unused          Largest block    Delta
        BANK0            00048-0006F              28           1
        BANK1            000A0-000EF              50           1
        BANK10           00520-0056F              50           1
        BANK11           005A0-005EF              50           1
        BANK12           00620-0064F              30           1
        BANK2            00120-0016F              50           1
        BANK3            001A0-001EF              50           1
        BANK4            00220-0026F              50           1
        BANK5            002A0-002EF              50           1
        BANK6            00320-0036F              50           1
        BANK7            003A0-003EF              50           1
        BANK8            00420-0046F              50           1
        BANK9            004A0-004EF              50           1
        BIGRAM           02000-023EF             3F0           1
        CODE             00004-0064B             648           2
                         00800-03FFF             800
        COMMON           00076-0007D               8           1
        CONST            00004-0064B             100           2
                         00800-03FFF             100
        EEDATA           0F000-0F0FF             100           2
        ENTRY            00004-0064B             100           2
                         00800-03FFF             100
        IDLOC            08000-08003               4           2
        RAM              00048-0006F              28           1
                         000A0-000EF              50
                         00120-0016F              50
                         001A0-001EF              50
                         00220-0026F              50
                         002A0-002EF              50
                         00320-0036F              50
                         003A0-003EF              50
                         00420-0046F              50
                         004A0-004EF              50
                         00520-0056F              50
                         005A0-005EF              50
                         00620-0064F              30
        SFR0             00000-0001F              20           1
        SFR1             00080-0009F              20           1
        SFR10            00500-0051F              20           1
        SFR11            00580-0059F              20           1
        SFR12            00600-0061F              20           1
        SFR13            00680-006EF              70           1
        SFR14            00700-0076F              70           1
        SFR15            00780-007EF              70           1
        SFR16            00800-0086F              70           1
        SFR17            00880-008EF              70           1
        SFR18            00900-0096F              70           1
        SFR19            00980-009EF              70           1
        SFR2             00100-0011F              20           1
        SFR20            00A00-00A6F              70           1
        SFR21            00A80-00AEF              70           1
        SFR22            00B00-00B6F              70           1
        SFR23            00B80-00BEF              70           1
        SFR24            00C00-00C6F              70           1
        SFR25            00C80-00CEF              70           1
        SFR26            00D00-00D6F              70           1
        SFR27            00D80-00DEF              70           1
        SFR28            00E00-00E6F              70           1
        SFR29            00E80-00EEF              70           1
        SFR3             00180-0019F              20           1
        SFR30            00F00-00F6F              70           1
        SFR31            00F80-00FEF              70           1
        SFR4             00200-0021F              20           1
        SFR5             00280-0029F              20           1
        SFR6             00300-0031F              20           1
        SFR7             00380-0039F              20           1
        SFR8             00400-0041F              20           1
        SFR9             00480-0049F              20           1
        STACK            02028-023EF             3C8           1
        STRCODE          00004-0064B             648           2
                         00800-03FFF            3800
        STRING           00004-0064B             100           2
                         00800-03FFF             100

                                  Symbol Table

_ANSELA                          (abs)        0018C
_ANSELB                          (abs)        0018D
_ANSELD                          (abs)        0018F
_ANSELE                          (abs)        00190
_APFCON                          (abs)        0011D
_BORCON                          (abs)        00116
_LATA                            (abs)        0010C
_LATAbits                        (abs)        0010C
_LATB                            (abs)        0010D
_LATC                            (abs)        0010E
_LATCbits                        (abs)        0010E
_LATD                            (abs)        0010F
_LATDbits                        (abs)        0010F
_LATE                            (abs)        00110
_LATEbits                        (abs)        00110
_Lower_LED                       dataBANK0    00020
_OPTION_REGbits                  (abs)        00095
_OSCCON                          (abs)        00099
_OSCILLATOR_Initialize           text24       00656
_OSCTUNE                         (abs)        00098
_PIN_MANAGER_Initialize          text23       00743
_SYSTEM_Initialize               text21       0065D
_TRISA                           (abs)        0008C
_TRISB                           (abs)        0008D
_TRISC                           (abs)        0008E
_TRISD                           (abs)        0008F
_TRISE                           (abs)        00090
_Upper_LED                       dataBANK0    00034
_WDTCON                          (abs)        00097
_WDT_Initialize                  text22       0064C
_WPUB                            (abs)        0020D
_WPUE                            (abs)        00210
__Habs1                          abs1         00000
__Hbank0                         bank0        00000
__Hbank1                         bank1        00000
__Hbank10                        bank10       00000
__Hbank11                        bank11       00000
__Hbank12                        bank12       00000
__Hbank13                        bank13       00000
__Hbank14                        bank14       00000
__Hbank15                        bank15       00000
__Hbank16                        bank16       00000
__Hbank17                        bank17       00000
__Hbank18                        bank18       00000
__Hbank19                        bank19       00000
__Hbank2                         bank2        00000
__Hbank20                        bank20       00000
__Hbank21                        bank21       00000
__Hbank22                        bank22       00000
__Hbank23                        bank23       00000
__Hbank24                        bank24       00000
__Hbank25                        bank25       00000
__Hbank26                        bank26       00000
__Hbank27                        bank27       00000
__Hbank28                        bank28       00000
__Hbank29                        bank29       00000
__Hbank3                         bank3        00000
__Hbank30                        bank30       00000
__Hbank31                        bank31       00000
__Hbank4                         bank4        00000
__Hbank5                         bank5        00000
__Hbank6                         bank6        00000
__Hbank7                         bank7        00000
__Hbank8                         bank8        00000
__Hbank9                         bank9        00000
__Hbigram                        bigram       00000
__Hcinit                         cinit        00800
__Hclrtext                       clrtext      00000
__Hcode                          code         00000
__Hcommon                        common       00000
__Hconfig                        config       08009
__HcstackCOMMON                  cstackCOMMON 00000
__HdataBANK0                     dataBANK0    00000
__Heeprom_data                   eeprom_data  00000
__Hend_init                      end_init     00004
__Hfunctab                       functab      00000
__HidataBANK0                    idataBANK0   00000
__Hinit                          init         00002
__Hinittext                      inittext     00000
__Hintentry                      intentry     00002
__Hmaintext                      maintext     00000
__Hpowerup                       powerup      00000
__Hram                           ram          00000
__Hreset_vec                     reset_vec    00002
__Hsfr0                          sfr0         00000
__Hsfr1                          sfr1         00000
__Hsfr10                         sfr10        00000
__Hsfr11                         sfr11        00000
__Hsfr12                         sfr12        00000
__Hsfr13                         sfr13        00000
__Hsfr14                         sfr14        00000
__Hsfr15                         sfr15        00000
__Hsfr16                         sfr16        00000
__Hsfr17                         sfr17        00000
__Hsfr18                         sfr18        00000
__Hsfr19                         sfr19        00000
__Hsfr2                          sfr2         00000
__Hsfr20                         sfr20        00000
__Hsfr21                         sfr21        00000
__Hsfr22                         sfr22        00000
__Hsfr23                         sfr23        00000
__Hsfr24                         sfr24        00000
__Hsfr25                         sfr25        00000
__Hsfr26                         sfr26        00000
__Hsfr27                         sfr27        00000
__Hsfr28                         sfr28        00000
__Hsfr29                         sfr29        00000
__Hsfr3                          sfr3         00000
__Hsfr30                         sfr30        00000
__Hsfr31                         sfr31        00000
__Hsfr4                          sfr4         00000
__Hsfr5                          sfr5         00000
__Hsfr6                          sfr6         00000
__Hsfr7                          sfr7         00000
__Hsfr8                          sfr8         00000
__Hsfr9                          sfr9         00000
__Hspace_0                       (abs)        00800
__Hspace_1                       (abs)        00076
__Hspace_2                       (abs)        00000
__Hspace_3                       (abs)        00000
__Hspace_4                       (abs)        10010
__Hstack                         stack        00000
__Hstrings                       strings      00000
__Htext                          text         00000
__Labs1                          abs1         00000
__Lbank0                         bank0        00000
__Lbank1                         bank1        00000
__Lbank10                        bank10       00000
__Lbank11                        bank11       00000
__Lbank12                        bank12       00000
__Lbank13                        bank13       00000
__Lbank14                        bank14       00000
__Lbank15                        bank15       00000
__Lbank16                        bank16       00000
__Lbank17                        bank17       00000
__Lbank18                        bank18       00000
__Lbank19                        bank19       00000
__Lbank2                         bank2        00000
__Lbank20                        bank20       00000
__Lbank21                        bank21       00000
__Lbank22                        bank22       00000
__Lbank23                        bank23       00000
__Lbank24                        bank24       00000
__Lbank25                        bank25       00000
__Lbank26                        bank26       00000
__Lbank27                        bank27       00000
__Lbank28                        bank28       00000
__Lbank29                        bank29       00000
__Lbank3                         bank3        00000
__Lbank30                        bank30       00000
__Lbank31                        bank31       00000
__Lbank4                         bank4        00000
__Lbank5                         bank5        00000
__Lbank6                         bank6        00000
__Lbank7                         bank7        00000
__Lbank8                         bank8        00000
__Lbank9                         bank9        00000
__Lbigram                        bigram       00000
__Lcinit                         cinit        007F1
__Lclrtext                       clrtext      00000
__Lcode                          code         00000
__Lcommon                        common       00000
__Lconfig                        config       00000
__LcstackCOMMON                  cstackCOMMON 00000
__LdataBANK0                     dataBANK0    00000
__Leeprom_data                   eeprom_data  00000
__Lend_init                      end_init     00002
__Lfunctab                       functab      00000
__LidataBANK0                    idataBANK0   00000
__Linit                          init         00002
__Linittext                      inittext     00000
__Lintentry                      intentry     00002
__Lmaintext                      maintext     00000
__Lpowerup                       powerup      00000
__Lram                           ram          00000
__Lreset_vec                     reset_vec    00000
__Lsfr0                          sfr0         00000
__Lsfr1                          sfr1         00000
__Lsfr10                         sfr10        00000
__Lsfr11                         sfr11        00000
__Lsfr12                         sfr12        00000
__Lsfr13                         sfr13        00000
__Lsfr14                         sfr14        00000
__Lsfr15                         sfr15        00000
__Lsfr16                         sfr16        00000
__Lsfr17                         sfr17        00000
__Lsfr18                         sfr18        00000
__Lsfr19                         sfr19        00000
__Lsfr2                          sfr2         00000
__Lsfr20                         sfr20        00000
__Lsfr21                         sfr21        00000
__Lsfr22                         sfr22        00000
__Lsfr23                         sfr23        00000
__Lsfr24                         sfr24        00000
__Lsfr25                         sfr25        00000
__Lsfr26                         sfr26        00000
__Lsfr27                         sfr27        00000
__Lsfr28                         sfr28        00000
__Lsfr29                         sfr29        00000
__Lsfr3                          sfr3         00000
__Lsfr30                         sfr30        00000
__Lsfr31                         sfr31        00000
__Lsfr4                          sfr4         00000
__Lsfr5                          sfr5         00000
__Lsfr6                          sfr6         00000
__Lsfr7                          sfr7         00000
__Lsfr8                          sfr8         00000
__Lsfr9                          sfr9         00000
__Lspace_0                       (abs)        00000
__Lspace_1                       (abs)        00000
__Lspace_2                       (abs)        00000
__Lspace_3                       (abs)        00000
__Lspace_4                       (abs)        00000
__Lstack                         stack        00000
__Lstrings                       strings      00000
__Ltext                          text         00000
__S0                             (abs)        00800
__S1                             (abs)        00076
__S2                             (abs)        00000
__S3                             (abs)        00000
___int_sp                        stack        00000
___latbits                       (abs)        00003
___sp                            stack        00000
___stackhi                       (abs)        023EF
___stacklo                       (abs)        02028
__end_of_OSCILLATOR_Initialize   text24       0065D
__end_of_PIN_MANAGER_Initialize  text23       00762
__end_of_SYSTEM_Initialize       text21       00667
__end_of_WDT_Initialize          text22       00650
__end_of__initialization         cinit        007FD
__end_of_main                    maintext     007F1
__end_of_setA0                   text9        006EB
__end_of_setA2                   text19       0067D
__end_of_setA3                   text18       00688
__end_of_setA6                   text8        006F6
__end_of_setA7                   text17       00693
__end_of_setC0                   text16       0069E
__end_of_setC3                   text7        00701
__end_of_setC4                   text13       006BF
__end_of_setC5                   text4        00722
__end_of_setC6                   text12       006CA
__end_of_setC7                   text3        0072D
__end_of_setD0                   text15       006A9
__end_of_setD1                   text6        0070C
__end_of_setD2                   text14       006B4
__end_of_setD3                   text5        00717
__end_of_setD4                   text11       006D5
__end_of_setD5                   text2        00738
__end_of_setD6                   text20       00672
__end_of_setD7                   text1        00743
__end_of_setE1                   text10       006E0
__initialization                 cinit        007F1
__pcstackCOMMON                  cstackCOMMON 00070
__pdataBANK0                     dataBANK0    00020
__pidataBANK0                    idataBANK0   00762
__pmaintext                      maintext     0078A
__ptext1                         text1        00738
__ptext10                        text10       006D5
__ptext11                        text11       006CA
__ptext12                        text12       006BF
__ptext13                        text13       006B4
__ptext14                        text14       006A9
__ptext15                        text15       0069E
__ptext16                        text16       00693
__ptext17                        text17       00688
__ptext18                        text18       0067D
__ptext19                        text19       00672
__ptext2                         text2        0072D
__ptext20                        text20       00667
__ptext21                        text21       0065D
__ptext22                        text22       0064C
__ptext23                        text23       00743
__ptext24                        text24       00656
__ptext3                         text3        00722
__ptext4                         text4        00717
__ptext5                         text5        0070C
__ptext6                         text6        00701
__ptext7                         text7        006F6
__ptext8                         text8        006EB
__ptext9                         text9        006E0
__size_of_OSCILLATOR_Initialize  (abs)        00000
__size_of_PIN_MANAGER_Initialize (abs)        00000
__size_of_SYSTEM_Initialize      (abs)        00000
__size_of_WDT_Initialize         (abs)        00000
__size_of_main                   (abs)        00000
__size_of_setA0                  (abs)        00000
__size_of_setA2                  (abs)        00000
__size_of_setA3                  (abs)        00000
__size_of_setA6                  (abs)        00000
__size_of_setA7                  (abs)        00000
__size_of_setC0                  (abs)        00000
__size_of_setC3                  (abs)        00000
__size_of_setC4                  (abs)        00000
__size_of_setC5                  (abs)        00000
__size_of_setC6                  (abs)        00000
__size_of_setC7                  (abs)        00000
__size_of_setD0                  (abs)        00000
__size_of_setD1                  (abs)        00000
__size_of_setD2                  (abs)        00000
__size_of_setD3                  (abs)        00000
__size_of_setD4                  (abs)        00000
__size_of_setD5                  (abs)        00000
__size_of_setD6                  (abs)        00000
__size_of_setD7                  (abs)        00000
__size_of_setE1                  (abs)        00000
_main                            maintext     0078A
_setA0                           text9        006E0
_setA2                           text19       00672
_setA3                           text18       0067D
_setA6                           text8        006EB
_setA7                           text17       00688
_setC0                           text16       00693
_setC3                           text7        006F6
_setC4                           text13       006B4
_setC5                           text4        00717
_setC6                           text12       006BF
_setC7                           text3        00722
_setD0                           text15       0069E
_setD1                           text6        00701
_setD2                           text14       006A9
_setD3                           text5        0070C
_setD4                           text11       006CA
_setD5                           text2        0072D
_setD6                           text20       00667
_setD7                           text1        00738
_setE1                           text10       006D5
btemp                            (abs)        0007E
end_of_initialization            cinit        007FD
init_ram                         inittext     00650
intlevel0                        functab      00000
intlevel1                        functab      00000
intlevel2                        functab      00000
intlevel3                        functab      00000
intlevel4                        functab      00000
intlevel5                        functab      00000
main@i                           cstackCOMMON 00072
main@i_259                       cstackCOMMON 00074
reset_vec                        reset_vec    00000
setA0@status                     cstackCOMMON 00070
setA2@status                     cstackCOMMON 00070
setA3@status                     cstackCOMMON 00070
setA6@status                     cstackCOMMON 00070
setA7@status                     cstackCOMMON 00070
setC0@status                     cstackCOMMON 00070
setC3@status                     cstackCOMMON 00070
setC4@status                     cstackCOMMON 00070
setC5@status                     cstackCOMMON 00070
setC6@status                     cstackCOMMON 00070
setC7@status                     cstackCOMMON 00070
setD0@status                     cstackCOMMON 00070
setD1@status                     cstackCOMMON 00070
setD2@status                     cstackCOMMON 00070
setD3@status                     cstackCOMMON 00070
setD4@status                     cstackCOMMON 00070
setD5@status                     cstackCOMMON 00070
setD6@status                     cstackCOMMON 00070
setD7@status                     cstackCOMMON 00070
setE1@status                     cstackCOMMON 00070
start                            init         00002
start_initialization             cinit        007F1
wtemp0                           (abs)        0007E


MODULE INFORMATION

Module		Function		Class		Link	Load	Size
mcc_generated_files/pin_manager.c
		_PIN_MANAGER_Initialize		CODE           	0743	0000	31

mcc_generated_files/pin_manager.c estimated size: 31

mcc_generated_files/LED_manager.c
		_setD3         		CODE           	070C	0000	11
		_setC4         		CODE           	06B4	0000	11
		_setD4         		CODE           	06CA	0000	11
		_setA0         		CODE           	06E0	0000	11
		_setA6         		CODE           	06EB	0000	11
		_setC5         		CODE           	0717	0000	11
		_setD5         		CODE           	072D	0000	11
		_setC0         		CODE           	0693	0000	11
		_setA7         		CODE           	0688	0000	11
		_setC6         		CODE           	06BF	0000	11
		_setD0         		CODE           	069E	0000	11
		_setD6         		CODE           	0667	0000	11
		_setA2         		CODE           	0672	0000	11
		_setC7         		CODE           	0722	0000	11
		_setD1         		CODE           	0701	0000	11
		_setD7         		CODE           	0738	0000	11
		_setA3         		CODE           	067D	0000	11
		_setE1         		CODE           	06D5	0000	11
		_setD2         		CODE           	06A9	0000	11
		_setC3         		CODE           	06F6	0000	11

mcc_generated_files/LED_manager.c estimated size: 220

shared
		__initialization		CODE           	07F1	0000	12

shared estimated size: 12

mcc_generated_files/mcc.c
		_WDT_Initialize		CODE           	064C	0000	4
		_OSCILLATOR_Initialize		CODE           	0656	0000	7
		_SYSTEM_Initialize		CODE           	065D	0000	10

mcc_generated_files/mcc.c estimated size: 21

main.c
		_main          		CODE           	078A	0000	103

main.c estimated size: 103

